 X509Store

 Timestamp is 56698e1e (Thu Dec 10 22:37:18 2015)

 Preferred load address is 0000000180000000

 Start         Length     Name                   Class
 0001:00000000 000001dbH .text                   CODE
 0001:000001e0 000099e7H .text$mn                CODE
 0001:00009bd0 00000012H .text$mn$00             CODE
 0001:00009bf0 00000260H .text$x                 CODE
 0002:00000000 00000248H .idata$5                DATA
 0002:00000248 00000010H .00cfg                  DATA
 0002:00000258 00000008H .CRT$XCA                DATA
 0002:00000260 00000008H .CRT$XCU                DATA
 0002:00000268 00000008H .CRT$XCZ                DATA
 0002:00000270 00000008H .CRT$XIA                DATA
 0002:00000278 00000018H .CRT$XIC                DATA
 0002:00000290 00000008H .CRT$XIZ                DATA
 0002:00000298 00000008H .CRT$XPA                DATA
 0002:000002a0 00000010H .CRT$XPX                DATA
 0002:000002b0 00000008H .CRT$XPXA               DATA
 0002:000002b8 00000008H .CRT$XPZ                DATA
 0002:000002c0 00000008H .CRT$XTA                DATA
 0002:000002c8 00000008H .CRT$XTZ                DATA
 0002:000002d0 000070c4H .rdata                  DATA
 0002:00007398 00000000H .rdata$r                DATA
 0002:00007398 00000010H .rdata$zETW0            DATA
 0002:000073a8 00000077H .rdata$zETW1            DATA
 0002:0000741f 0000002cH .rdata$zETW2            DATA
 0002:0000744b 00000001H .rdata$zETW9            DATA
 0002:0000744c 000003fcH .rdata$zzzdbg           DATA
 0002:00007848 00000008H .rtc$IAA                DATA
 0002:00007850 00000008H .rtc$IZZ                DATA
 0002:00007858 00000008H .rtc$TAA                DATA
 0002:00007860 00000008H .rtc$TZZ                DATA
 0002:00007868 00000994H .xdata                  DATA
 0002:000081fc 00000020H .didat$2                DATA
 0002:0000821c 00000020H .didat$3                DATA
 0002:00008240 00000058H .didat$4                DATA
 0002:00008298 00000292H .didat$6                DATA
 0002:00008530 00000058H .didat$7                DATA
 0002:00008590 00000052H .edata                  DATA
 0002:000085e4 0000003cH .idata$2                DATA
 0002:00008620 00000014H .idata$3                DATA
 0002:00008638 00000248H .idata$4                DATA
 0002:00008880 00000548H .idata$6                DATA
 0003:00000000 00000978H .data                   DATA
 0003:00000978 00000000H .data$r                 DATA
 0003:00000978 00000058H .didat$5                DATA
 0003:000009d0 000010e8H .bss                    DATA
 0004:00000000 00000cb4H .pdata                  DATA
 0005:00000000 0000007cH .gfids$x                DATA
 0005:0000007c 0000001cH .gfids$y                DATA
 0006:00000000 00000058H .rsrc$01                DATA
 0006:00000060 00000180H .rsrc$02                DATA

  Address         Publics by Value              Rva+Base               Lib:Object

 0000:00000000       __guard_iat_count          0000000000000000     <absolute>
 0000:00000000       __guard_iat_table          0000000000000000     <absolute>
 0000:00000000       __guard_longjmp_table      0000000000000000     <absolute>
 0000:00000000       __guard_longjmp_count      0000000000000000     <absolute>
 0000:00000000       __guard_fids_count         0000000000000000     <absolute>
 0000:00000000       ___safe_se_handler_table   0000000000000000     <absolute>
 0000:00000000       ___safe_se_handler_count   0000000000000000     <absolute>
 0000:00000000       __guard_fids_table         0000000000000000     <absolute>
 0000:00000100       __guard_flags              0000000000000100     <absolute>
 0000:00000000       __ImageBase                0000000180000000     <linker-defined>
 0001:00000000       ?TraceLoggingRegister@__vcrt_trace_logging_provider@@YAJPEBU_TlgProvider_t@1@PEBU_GUID@@P6AX1KE_K2PEAU_EVENT_FILTER_DESCRIPTOR@@PEAX@Z4@Z 0000000180001000 f i libvcruntime:telemetry.obj
 0001:0000007c       ?_TlgEnableCallback@__vcrt_trace_logging_provider@@YAXPEBU_GUID@@KE_K1PEAU_EVENT_FILTER_DESCRIPTOR@@PEAX@Z 000000018000107c f i libvcruntime:telemetry.obj
 0001:00000140       ?_TlgWrite@__vcrt_trace_logging_provider@@YAJPEBU_TlgProvider_t@1@PEFBXPEBU_GUID@@2IPEAU_EVENT_DATA_DESCRIPTOR@@@Z 0000000180001140 f i libvcruntime:telemetry.obj
 0001:000001e0       ?Method@@YAXAEBV?$FunctionCallbackInfo@VValue@v8@@@v8@@@Z 00000001800011e0 f   X509Store.obj
 0001:00000270       ?init@@YAXV?$Local@VObject@v8@@@v8@@@Z 0000000180001270 f   X509Store.obj
 0001:000002a0       ??$NODE_SET_METHOD@V?$Local@VObject@v8@@@v8@@@node@@YAXAEBV?$Local@VObject@v8@@@v8@@PEBDP6AXAEBV?$FunctionCallbackInfo@VValue@v8@@@2@@Z@Z 00000001800012a0 f i X509Store.obj
 0001:000003ac       __imp_load_?GetCurrent@Isolate@v8@@SAPEAV12@XZ 00000001800013ac f   node:node.exe
 0001:000003b8       __tailMerge_node_exe       00000001800013b8 f i node:node.exe
 0001:00000431       __imp_load_??1HandleScope@v8@@QEAA@XZ 0000000180001431 f   node:node.exe
 0001:0000043d       __imp_load_??0HandleScope@v8@@QEAA@PEAVIsolate@1@@Z 000000018000143d f   node:node.exe
 0001:00000449       __imp_load_?GetFunction@FunctionTemplate@v8@@QEAA?AV?$Local@VFunction@v8@@@2@XZ 0000000180001449 f   node:node.exe
 0001:00000455       __imp_load_?New@FunctionTemplate@v8@@SA?AV?$Local@VFunctionTemplate@v8@@@2@PEAVIsolate@2@P6AXAEBV?$FunctionCallbackInfo@VValue@v8@@@2@@ZV?$Local@VValue@v8@@@2@V?$Local@VSignature@v8@@@2@H@Z 0000000180001455 f   node:node.exe
 0001:00000461       __imp_load_?NewFromUtf8@String@v8@@SA?AV?$Local@VString@v8@@@2@PEAVIsolate@2@PEBDW4NewStringType@12@H@Z 0000000180001461 f   node:node.exe
 0001:0000046d       __imp_load_?New@Number@v8@@SA?AV?$Local@VNumber@v8@@@2@PEAVIsolate@2@N@Z 000000018000146d f   node:node.exe
 0001:00000479       __imp_load_?Set@Object@v8@@QEAA_NV?$Local@VValue@v8@@@2@0@Z 0000000180001479 f   node:node.exe
 0001:00000485       __imp_load_?SetName@Function@v8@@QEAAXV?$Local@VString@v8@@@2@@Z 0000000180001485 f   node:node.exe
 0001:00000491       __imp_load_node_module_register 0000000180001491 f   node:node.exe
 0001:000004b0       __security_check_cookie    00000001800014b0 f   LIBCMT:_amdsecgs_.obj
 0001:00000830       _DllMainCRTStartup         0000000180001830 f   LIBCMT:dll_dllmain.obj
 0001:00000870       __raise_securityfailure    0000000180001870 f   LIBCMT:gs_report.obj
 0001:000008a4       __report_gsfailure         00000001800018a4 f   LIBCMT:gs_report.obj
 0001:000009ec       __scrt_acquire_startup_lock 00000001800019ec f   LIBCMT:utility.obj
 0001:00000a28       __scrt_dllmain_after_initialize_c 0000000180001a28 f   LIBCMT:utility.obj
 0001:00000a48       __scrt_dllmain_before_initialize_c 0000000180001a48 f   LIBCMT:utility.obj
 0001:00000a60       __scrt_dllmain_crt_thread_attach 0000000180001a60 f   LIBCMT:utility.obj
 0001:00000a88       __scrt_dllmain_crt_thread_detach 0000000180001a88 f   LIBCMT:utility.obj
 0001:00000aa0       __scrt_dllmain_exception_filter 0000000180001aa0 f   LIBCMT:utility.obj
 0001:00000b04       __scrt_dllmain_uninitialize_c 0000000180001b04 f   LIBCMT:utility.obj
 0001:00000b34       __scrt_dllmain_uninitialize_critical 0000000180001b34 f   LIBCMT:utility.obj
 0001:00000b48       __scrt_initialize_crt      0000000180001b48 f   LIBCMT:utility.obj
 0001:00000b94       __scrt_initialize_onexit_tables 0000000180001b94 f   LIBCMT:utility.obj
 0001:00000c60       __scrt_is_nonwritable_in_current_image 0000000180001c60 f   LIBCMT:utility.obj
 0001:00000cfc       __scrt_release_startup_lock 0000000180001cfc f   LIBCMT:utility.obj
 0001:00000d20       __scrt_uninitialize_crt    0000000180001d20 f   LIBCMT:utility.obj
 0001:00000d4c       _onexit                    0000000180001d4c f   LIBCMT:utility.obj
 0001:00000d9c       atexit                     0000000180001d9c f   LIBCMT:utility.obj
 0001:00000db4       __security_init_cookie     0000000180001db4 f   LIBCMT:gs_support.obj
 0001:00000e60       DllMain                    0000000180001e60 f   LIBCMT:dll_dllmain_stub.obj
 0001:00000e68       ?__scrt_initialize_type_info@@YAXXZ 0000000180001e68 f   LIBCMT:tncleanup.obj
 0001:00000e78       ?__scrt_uninitialize_type_info@@YAXXZ 0000000180001e78 f   LIBCMT:tncleanup.obj
 0001:00000e84       __local_stdio_printf_options 0000000180001e84 f i LIBCMT:default_local_stdio_options.obj
 0001:00000e8c       __local_stdio_scanf_options 0000000180001e8c f i LIBCMT:default_local_stdio_options.obj
 0001:00000e94       __scrt_initialize_default_local_stdio_options 0000000180001e94 f   LIBCMT:default_local_stdio_options.obj
 0001:00000eb0       __scrt_get_dyn_tls_init_callback 0000000180001eb0 f   LIBCMT:dyn_tls_init.obj
 0001:00000eb8       __crt_debugger_hook        0000000180001eb8 f   LIBCMT:utility_desktop.obj
 0001:00000ec0       __scrt_fastfail            0000000180001ec0 f   LIBCMT:utility_desktop.obj
 0001:00001008       _RTC_Initialize            0000000180002008 f   LIBCMT:_initsect_.obj
 0001:00001054       _RTC_Terminate             0000000180002054 f   LIBCMT:_initsect_.obj
 0001:000010a0       _guard_check_icall         00000001800020a0 f i LIBCMT:checkcfg.obj
 0001:000010a8       __isa_available_init       00000001800020a8 f   LIBCMT:_cpu_disp_.obj
 0001:0000126c       __scrt_is_ucrt_dll_in_use  000000018000226c f   LIBCMT:ucrt_detection.obj
 0001:00001278       __except_validate_context_record 0000000180002278 f i libvcruntime:jbcxrval.obj
 0001:00001278       _guard_check_icall_nop     0000000180002278 f i LIBCMT:guard_support.obj
 0001:00001284       __telemetry_main_invoke_trigger 0000000180002284 f   libvcruntime:telemetry.obj
 0001:0000139c       __telemetry_main_return_trigger 000000018000239c f   libvcruntime:telemetry.obj
 0001:000014b4       __vcrt_initialize_telemetry_provider 00000001800024b4 f   libvcruntime:telemetry.obj
 0001:000014c8       __vcrt_uninitialize_telemetry_provider 00000001800024c8 f   libvcruntime:telemetry.obj
 0001:000014e8       __C_specific_handler       00000001800024e8 f   libvcruntime:_chandler_.obj
 0001:000016d8       __vcrt_initialize          00000001800026d8 f   libvcruntime:initialization.obj
 0001:00001710       __vcrt_thread_attach       0000000180002710 f   libvcruntime:initialization.obj
 0001:00001724       __vcrt_thread_detach       0000000180002724 f   libvcruntime:initialization.obj
 0001:00001738       __vcrt_uninitialize        0000000180002738 f   libvcruntime:initialization.obj
 0001:00001764       __vcrt_uninitialize_critical 0000000180002764 f   libvcruntime:initialization.obj
 0001:00001774       __std_type_info_destroy_list 0000000180002774 f   libvcruntime:std_type_info.obj
 0001:000017b0       memset                     00000001800027b0 f   libvcruntime:memset.obj
 0001:00001b18       __vcrt_EventRegister       0000000180002b18 f   libvcruntime:winapi_downlevel.obj
 0001:00001b9c       __vcrt_EventSetInformation 0000000180002b9c f   libvcruntime:winapi_downlevel.obj
 0001:00001c20       __vcrt_EventUnregister     0000000180002c20 f   libvcruntime:winapi_downlevel.obj
 0001:00001c74       __vcrt_EventWriteTransfer  0000000180002c74 f   libvcruntime:winapi_downlevel.obj
 0001:00001d0c       __vcrt_FlsAlloc            0000000180002d0c f   libvcruntime:winapi_downlevel.obj
 0001:00001d60       __vcrt_FlsFree             0000000180002d60 f   libvcruntime:winapi_downlevel.obj
 0001:00001db4       __vcrt_FlsGetValue         0000000180002db4 f   libvcruntime:winapi_downlevel.obj
 0001:00001e08       __vcrt_FlsSetValue         0000000180002e08 f   libvcruntime:winapi_downlevel.obj
 0001:00001e70       __vcrt_InitializeCriticalSectionEx 0000000180002e70 f   libvcruntime:winapi_downlevel.obj
 0001:00001ee8       __vcrt_initialize_winapi_thunks 0000000180002ee8 f   libvcruntime:winapi_downlevel.obj
 0001:00001f20       __vcrt_uninitialize_winapi_thunks 0000000180002f20 f   libvcruntime:winapi_downlevel.obj
 0001:00001f70       _local_unwind              0000000180002f70 f   libvcruntime:_jmpuwind_.obj
 0001:00001fa0       _NLG_Notify                0000000180002fa0 f   libvcruntime:_jmpuwind_.obj
 0001:00001fc0       __NLG_Dispatch2            0000000180002fc0 f   libvcruntime:_jmpuwind_.obj
 0001:00001fd0       __NLG_Return2              0000000180002fd0 f   libvcruntime:_jmpuwind_.obj
 0001:00001fd4       __vcrt_freefls             0000000180002fd4 f   libvcruntime:per_thread_data.obj
 0001:00001ff4       __vcrt_freeptd             0000000180002ff4 f   libvcruntime:per_thread_data.obj
 0001:00002044       __vcrt_getptd_noexit       0000000180003044 f   libvcruntime:per_thread_data.obj
 0001:000020ec       __vcrt_initialize_ptd      00000001800030ec f   libvcruntime:per_thread_data.obj
 0001:0000212c       __vcrt_uninitialize_ptd    000000018000312c f   libvcruntime:per_thread_data.obj
 0001:00002150       __vcrt_initialize_locks    0000000180003150 f   libvcruntime:locks.obj
 0001:00002198       __vcrt_uninitialize_locks  0000000180003198 f   libvcruntime:locks.obj
 0001:000021d0       __vcrt_initialize_pure_virtual_call_handler 00000001800031d0 f   libvcruntime:purevirt_data.obj
 0001:000021f4       ??0_LocaleUpdate@@QEAA@QEAU__crt_locale_pointers@@@Z 00000001800031f4 f i libucrt:stricmp.obj
 0001:00002284       __ascii_stricmp            0000000180003284 f   libucrt:stricmp.obj
 0001:000022c0       _stricmp                   00000001800032c0 f   libucrt:stricmp.obj
 0001:00002308       _stricmp_l                 0000000180003308 f   libucrt:stricmp.obj
 0001:000023bc       _initterm                  00000001800033bc f   libucrt:initterm.obj
 0001:00002434       _initterm_e                0000000180003434 f   libucrt:initterm.obj
 0001:00002480       _seh_filter_dll            0000000180003480 f   libucrt:exception_filter.obj
 0001:00002494       _seh_filter_exe            0000000180003494 f   libucrt:exception_filter.obj
 0001:00002854       __acrt_initialize_thread_local_exit_callback 0000000180003854 f   libucrt:exit.obj
 0001:0000285c       _cexit                     000000018000385c f   libucrt:exit.obj
 0001:0000286c       _exit                      000000018000386c f   libucrt:exit.obj
 0001:00002878       _is_c_termination_complete 0000000180003878 f   libucrt:exit.obj
 0001:00002a64       __dcrt_uninitialize_environments_nolock 0000000180003a64 f   libucrt:environment_initialization.obj
 0001:00002a9c       _initialize_narrow_environment 0000000180003a9c f   libucrt:environment_initialization.obj
 0001:00002aa4       ??$?RV<lambda_b8c45f8f788dd370798f47cfe8ac3a86>@@AEAV<lambda_4e60a939b0d047cfe11ddc22648dfba9>@@V<lambda_332c3edc96d0294ec56c57d38c1cdfd5>@@@?$__crt_seh_guarded_call@H@@QEAAH$$QEAV<lambda_b8c45f8f788dd370798f47cfe8ac3a86>@@AEAV<lambda_4e60a939b0d047cfe11ddc22648dfba9>@@$$QEAV<lambda_332c3edc96d0294ec56c57d38c1cdfd5>@@@Z 0000000180003aa4 f i libucrt:onexit.obj
 0001:00002ae0       ??$?RV<lambda_e24bbb7b643b32fcea6fa61b31d4c984>@@AEAV<lambda_275893d493268fdec8709772e3fcec0e>@@V<lambda_9d71df4d7cf3f480f8d633942495c3b0>@@@?$__crt_seh_guarded_call@H@@QEAAH$$QEAV<lambda_e24bbb7b643b32fcea6fa61b31d4c984>@@AEAV<lambda_275893d493268fdec8709772e3fcec0e>@@$$QEAV<lambda_9d71df4d7cf3f480f8d633942495c3b0>@@@Z 0000000180003ae0 f i libucrt:onexit.obj
 0001:00002e5c       _crt_atexit                0000000180003e5c f   libucrt:onexit.obj
 0001:00002e6c       _execute_onexit_table      0000000180003e6c f   libucrt:onexit.obj
 0001:00002ea8       _initialize_onexit_table   0000000180003ea8 f   libucrt:onexit.obj
 0001:00002ee8       _register_onexit_function  0000000180003ee8 f   libucrt:onexit.obj
 0001:00002f68       __acrt_uninitialize_command_line 0000000180003f68 f   libucrt:argv_data.obj
 0001:00003068       __acrt_initialize          0000000180004068 f   libucrt:initialization.obj
 0001:0000307c       __acrt_thread_attach       000000018000407c f   libucrt:initialization.obj
 0001:00003090       __acrt_thread_detach       0000000180004090 f   libucrt:initialization.obj
 0001:000030a0       __acrt_uninitialize        00000001800040a0 f   libucrt:initialization.obj
 0001:000030b4       __acrt_uninitialize_critical 00000001800040b4 f   libucrt:initialization.obj
 0001:000030c4       terminate                  00000001800040c4 f   libucrt:terminate.obj
 0001:000030ec       _free_base                 00000001800040ec f   libucrt:free_base.obj
 0001:0000312c       _malloc_base               000000018000412c f   libucrt:malloc_base.obj
 0001:0000318c       strcpy_s                   000000018000418c f   libucrt:strcpy_s.obj
 0001:000031ec       abort                      00000001800041ec f   libucrt:abort.obj
 0001:00003244       _calloc_base               0000000180004244 f   libucrt:calloc_base.obj
 0001:000032bc       __acrt_call_reportfault    00000001800042bc f   libucrt:invalid_parameter.obj
 0001:00003418       __acrt_initialize_invalid_parameter_handler 0000000180004418 f   libucrt:invalid_parameter.obj
 0001:00003420       _invalid_parameter         0000000180004420 f   libucrt:invalid_parameter.obj
 0001:000034c8       _invalid_parameter_noinfo  00000001800044c8 f   libucrt:invalid_parameter.obj
 0001:000034e8       _invoke_watson             00000001800044e8 f   libucrt:invalid_parameter.obj
 0001:00003530       __acrt_errno_from_os_error 0000000180004530 f   libucrt:errno.obj
 0001:00003578       __acrt_errno_map_os_error  0000000180004578 f   libucrt:errno.obj
 0001:000035c8       __doserrno                 00000001800045c8 f   libucrt:errno.obj
 0001:000035e8       _errno                     00000001800045e8 f   libucrt:errno.obj
 0001:00003658       _tolower_l                 0000000180004658 f   libucrt:tolower_toupper.obj
 0001:00003798       ??$?RV<lambda_46352004c1216016012b18bd6f87e700>@@AEAV<lambda_3bd07e1a1191394380780325891bf33f>@@V<lambda_334532d3f185bcaa59b5be82d7d22bff>@@@?$__crt_seh_guarded_call@X@@QEAAX$$QEAV<lambda_46352004c1216016012b18bd6f87e700>@@AEAV<lambda_3bd07e1a1191394380780325891bf33f>@@$$QEAV<lambda_334532d3f185bcaa59b5be82d7d22bff>@@@Z 0000000180004798 f i libucrt:per_thread_data.obj
 0001:000037f8       ??$?RV<lambda_5e887d1dcbef67a5eb4283622ba103bf>@@AEAV<lambda_4466841279450cc726390878d4a41900>@@V<lambda_341c25c0346d94847f1f3c463c57e077>@@@?$__crt_seh_guarded_call@X@@QEAAX$$QEAV<lambda_5e887d1dcbef67a5eb4283622ba103bf>@@AEAV<lambda_4466841279450cc726390878d4a41900>@@$$QEAV<lambda_341c25c0346d94847f1f3c463c57e077>@@@Z 00000001800047f8 f i libucrt:per_thread_data.obj
 0001:00003840       ??$?RV<lambda_72d1df2b273a38828b1ce30cbf4cdab5>@@AEAV<lambda_876a65b173b8412d3a47c70a915b0cf4>@@V<lambda_41932305e351933ebe8f8be3ed8bb5dc>@@@?$__crt_seh_guarded_call@X@@QEAAX$$QEAV<lambda_72d1df2b273a38828b1ce30cbf4cdab5>@@AEAV<lambda_876a65b173b8412d3a47c70a915b0cf4>@@$$QEAV<lambda_41932305e351933ebe8f8be3ed8bb5dc>@@@Z 0000000180004840 f i libucrt:per_thread_data.obj
 0001:00003880       ??$?RV<lambda_fb3a7dec4e47f37f22dae91bb15c9095>@@AEAV<lambda_698284760c8add0bfb0756c19673e34b>@@V<lambda_dfb8eca1e75fef3034a8fb18dd509707>@@@?$__crt_seh_guarded_call@X@@QEAAX$$QEAV<lambda_fb3a7dec4e47f37f22dae91bb15c9095>@@AEAV<lambda_698284760c8add0bfb0756c19673e34b>@@$$QEAV<lambda_dfb8eca1e75fef3034a8fb18dd509707>@@@Z 0000000180004880 f i libucrt:per_thread_data.obj
 0001:00003b10       __acrt_freeptd             0000000180004b10 f   libucrt:per_thread_data.obj
 0001:00003b54       __acrt_getptd              0000000180004b54 f   libucrt:per_thread_data.obj
 0001:00003be8       __acrt_getptd_noexit       0000000180004be8 f   libucrt:per_thread_data.obj
 0001:00003c88       __acrt_initialize_ptd      0000000180004c88 f   libucrt:per_thread_data.obj
 0001:00003cc4       __acrt_uninitialize_ptd    0000000180004cc4 f   libucrt:per_thread_data.obj
 0001:00003ce8       __acrt_update_locale_info  0000000180004ce8 f   libucrt:locale_update.obj
 0001:00003d1c       __acrt_update_multibyte_info 0000000180004d1c f   libucrt:locale_update.obj
 0001:00003d50       __acrt_set_locale_changed  0000000180004d50 f   libucrt:wsetlocale.obj
 0001:00003d5c       __acrt_uninitialize_locale 0000000180004d5c f   libucrt:wsetlocale.obj
 0001:00003da4       __acrt_initialize_locks    0000000180004da4 f   libucrt:locks.obj
 0001:00003dec       __acrt_lock                0000000180004dec f   libucrt:locks.obj
 0001:00003e08       __acrt_uninitialize_locks  0000000180004e08 f   libucrt:locks.obj
 0001:00003e40       __acrt_unlock              0000000180004e40 f   libucrt:locks.obj
 0001:00003ffc       __acrt_FlsAlloc            0000000180004ffc f   libucrt:winapi_thunks.obj
 0001:00004054       __acrt_FlsFree             0000000180005054 f   libucrt:winapi_thunks.obj
 0001:000040ac       __acrt_FlsGetValue         00000001800050ac f   libucrt:winapi_thunks.obj
 0001:00004104       __acrt_FlsSetValue         0000000180005104 f   libucrt:winapi_thunks.obj
 0001:0000416c       __acrt_InitializeCriticalSectionEx 000000018000516c f   libucrt:winapi_thunks.obj
 0001:000041e4       __acrt_LCMapStringEx       00000001800051e4 f   libucrt:winapi_thunks.obj
 0001:000042d4       __acrt_LocaleNameToLCID    00000001800052d4 f   libucrt:winapi_thunks.obj
 0001:0000433c       __acrt_initialize_winapi_thunks 000000018000533c f   libucrt:winapi_thunks.obj
 0001:00004374       __acrt_is_packaged_app     0000000180005374 f   libucrt:winapi_thunks.obj
 0001:000043fc       __acrt_uninitialize_winapi_thunks 00000001800053fc f   libucrt:winapi_thunks.obj
 0001:00004440       ??$?RV<lambda_99476a1ad63dd22509b5d3e65b0ffc95>@@AEAV<lambda_ad1ced32f4ac17aa236e5ef05d6b3b7c>@@V<lambda_f7424dd8d45958661754dc4f2697e9c3>@@@?$__crt_seh_guarded_call@X@@QEAAX$$QEAV<lambda_99476a1ad63dd22509b5d3e65b0ffc95>@@AEAV<lambda_ad1ced32f4ac17aa236e5ef05d6b3b7c>@@$$QEAV<lambda_f7424dd8d45958661754dc4f2697e9c3>@@@Z 0000000180005440 f i libucrt:mbctype.obj
 0001:00004b3c       __acrt_initialize_multibyte 0000000180005b3c f   libucrt:mbctype.obj
 0001:00004b64       __acrt_update_thread_multibyte_data 0000000180005b64 f   libucrt:mbctype.obj
 0001:00004c24       _setmbcp_nolock            0000000180005c24 f   libucrt:mbctype.obj
 0001:00004ecc       __dcrt_get_narrow_environment_from_os 0000000180005ecc f   libucrt:get_environment_from_os.obj
 0001:00004fd0       _recalloc                  0000000180005fd0 f   libucrt:recalloc.obj
 0001:00004fd8       _recalloc_base             0000000180005fd8 f   libucrt:recalloc.obj
 0001:00005070       __acrt_initialize_heap     0000000180006070 f   libucrt:heap_handle.obj
 0001:0000508c       __acrt_uninitialize_heap   000000018000608c f   libucrt:heap_handle.obj
 0001:00005280       __acrt_initialize_lowio    0000000180006280 f   libucrt:ioinit.obj
 0001:000052bc       __acrt_uninitialize_lowio  00000001800062bc f   libucrt:ioinit.obj
 0001:000052fc       __acrt_initialize_command_line 00000001800062fc f   libucrt:argv_data.obj
 0001:00005324       __acrt_execute_initializers 0000000180006324 f   libucrt:shared_initialization.obj
 0001:000053b8       __acrt_execute_uninitializers 00000001800063b8 f   libucrt:shared_initialization.obj
 0001:00005408       __acrt_initialize_new_handler 0000000180006408 f   libucrt:new_handler.obj
 0001:00005410       _callnewh                  0000000180006410 f   libucrt:new_handler.obj
 0001:00005450       _query_new_handler         0000000180006450 f   libucrt:new_handler.obj
 0001:00005484       ??$?RV<lambda_c36588078e9f5dfd39652860aa6b3aaf>@@AEAV<lambda_ec61778202f4f5fc7e7711acc23c3bca>@@V<lambda_dc9d2797ccde5d239b4a0efae8ebd7db>@@@?$__crt_seh_guarded_call@P6AXH@Z@@QEAAP6AXH@Z$$QEAV<lambda_c36588078e9f5dfd39652860aa6b3aaf>@@AEAV<lambda_ec61778202f4f5fc7e7711acc23c3bca>@@$$QEAV<lambda_dc9d2797ccde5d239b4a0efae8ebd7db>@@@Z 0000000180006484 f i libucrt:signal.obj
 0001:000054cc       __acrt_get_sigabrt_handler 00000001800064cc f   libucrt:signal.obj
 0001:000054fc       __acrt_initialize_signal_handlers 00000001800064fc f   libucrt:signal.obj
 0001:0000551c       raise                      000000018000651c f   libucrt:signal.obj
 0001:000057b8       __acrt_has_user_matherr    00000001800067b8 f   libucrt:matherr.obj
 0001:000057d8       __acrt_initialize_user_matherr 00000001800067d8 f   libucrt:matherr.obj
 0001:000057e0       __acrt_invoke_user_matherr 00000001800067e0 f   libucrt:matherr.obj
 0001:00005828       _query_new_mode            0000000180006828 f   libucrt:new_mode.obj
 0001:00005830       _mbtowc_l                  0000000180006830 f   libucrt:mbtowc.obj
 0001:00005978       mbtowc                     0000000180006978 f   libucrt:mbtowc.obj
 0001:00005980       _fileno                    0000000180006980 f   libucrt:fileno.obj
 0001:000059a8       __acrt_initialize_stdio    00000001800069a8 f   libucrt:_file.obj
 0001:00005ac8       __acrt_uninitialize_stdio  0000000180006ac8 f   libucrt:_file.obj
 0001:00005b24       _lock_file                 0000000180006b24 f   libucrt:_file.obj
 0001:00005b30       _unlock_file               0000000180006b30 f   libucrt:_file.obj
 0001:00005b3c       __pctype_func              0000000180006b3c f   libucrt:ctype.obj
 0001:00005b6c       _isctype_l                 0000000180006b6c f   libucrt:isctype.obj
 0001:00005c7c       _isleadbyte_l              0000000180006c7c f i libucrt:_wctype.obj
 0001:00006018       __acrt_LCMapStringA        0000000180007018 f   libucrt:lcmapstringa.obj
 0001:000060b0       __acrt_add_locale_ref      00000001800070b0 f   libucrt:locale_refcounting.obj
 0001:0000613c       __acrt_free_locale         000000018000713c f   libucrt:locale_refcounting.obj
 0001:000062b4       __acrt_locale_add_lc_time_reference 00000001800072b4 f   libucrt:locale_refcounting.obj
 0001:000062dc       __acrt_locale_free_lc_time_if_unreferenced 00000001800072dc f   libucrt:locale_refcounting.obj
 0001:00006314       __acrt_locale_release_lc_time_reference 0000000180007314 f   libucrt:locale_refcounting.obj
 0001:0000633c       __acrt_release_locale_ref  000000018000733c f   libucrt:locale_refcounting.obj
 0001:000063e4       __acrt_update_thread_locale_data 00000001800073e4 f   libucrt:locale_refcounting.obj
 0001:00006454       _updatetlocinfoEx_nolock   0000000180007454 f   libucrt:locale_refcounting.obj
 0001:000064bc       __acrt_locale_free_monetary 00000001800074bc f   libucrt:initmon.obj
 0001:000065c8       __acrt_locale_free_numeric 00000001800075c8 f   libucrt:initnum.obj
 0001:0000668c       __acrt_locale_free_time    000000018000768c f   libucrt:inittime.obj
 0001:00006794       __acrt_GetStringTypeA      0000000180007794 f   libucrt:getstringtypea.obj
 0001:00006a10       __acrt_DownlevelLocaleNameToLCID 0000000180007a10 f   libucrt:lcidtoname_downlevel.obj
 0001:00006a5c       _msize                     0000000180007a5c f   libucrt:msize.obj
 0001:00006a98       _realloc_base              0000000180007a98 f   libucrt:realloc_base.obj
 0001:00006b1c       __acrt_lowio_create_handle_array 0000000180007b1c f   libucrt:osfinfo.obj
 0001:00006bb4       __acrt_lowio_destroy_handle_array 0000000180007bb4 f   libucrt:osfinfo.obj
 0001:00006c04       __acrt_lowio_ensure_fh_exists 0000000180007c04 f   libucrt:osfinfo.obj
 0001:00006cbc       __acrt_lowio_lock_fh       0000000180007cbc f   libucrt:osfinfo.obj
 0001:00006ce0       __acrt_lowio_unlock_fh     0000000180007ce0 f   libucrt:osfinfo.obj
 0001:00006d04       _free_osfhnd               0000000180007d04 f   libucrt:osfinfo.obj
 0001:00006dc0       _get_osfhandle             0000000180007dc0 f   libucrt:osfinfo.obj
 0001:00006e38       _isatty                    0000000180007e38 f   libucrt:isatty.obj
 0001:00006e98       __acrt_stdio_flush_nolock  0000000180007e98 f   libucrt:fflush.obj
 0001:00006f10       _fflush_nolock             0000000180007f10 f   libucrt:fflush.obj
 0001:00006f5c       _flushall                  0000000180007f5c f   libucrt:fflush.obj
 0001:0000704c       _fcloseall                 000000018000804c f   libucrt:closeall.obj
 0001:00007100       __acrt_stdio_free_buffer_nolock 0000000180008100 f   libucrt:_freebuf.obj
 0001:00007140       __strncnt                  0000000180008140 f   libucrt:strncnt.obj
 0001:00007158       _query_app_type            0000000180008158 f   libucrt:report_runtime_error.obj
 0001:00007160       ??$?RV<lambda_b521505b218e5242e90febf6bfebc422>@@AEAV<lambda_6978c1fb23f02e42e1d9e99668cc68aa>@@V<lambda_314360699dd331753a4119843814e9a7>@@@?$__crt_seh_guarded_call@H@@QEAAH$$QEAV<lambda_b521505b218e5242e90febf6bfebc422>@@AEAV<lambda_6978c1fb23f02e42e1d9e99668cc68aa>@@$$QEAV<lambda_314360699dd331753a4119843814e9a7>@@@Z 0000000180008160 f i libucrt:commit.obj
 0001:000071ec       _commit                    00000001800081ec f   libucrt:commit.obj
 0001:00007820       _write                     0000000180008820 f   libucrt:write.obj
 0001:0000790c       _write_nolock              000000018000890c f   libucrt:write.obj
 0001:00007bf0       log10                      0000000180008bf0 f   libucrt:log10.obj
 0001:00008238       _lseeki64_nolock           0000000180009238 f   libucrt:lseek.obj
 0001:00008240       _fclose_nolock             0000000180009240 f   libucrt:fclose.obj
 0001:000082c4       fclose                     00000001800092c4 f   libucrt:fclose.obj
 0001:00008330       _putwch_nolock             0000000180009330 f   libucrt:putwch.obj
 0001:000084b0       _handle_error              00000001800094b0 f   libucrt:libm_error.obj
 0001:000085e0       __acrt_initialize_fma3     00000001800095e0 f   libucrt:fma3_available.obj
 0001:00008650       _log10_special             0000000180009650 f   libucrt:log_special.obj
 0001:00008708       ??$?RV<lambda_bfedae4ebbf01fab1bb6dcc6a9e276e0>@@AEAV<lambda_2fe9b910cf3cbf4a0ab98a02ba45b3ec>@@V<lambda_237c231691f317818eb88cc1d5d642d6>@@@?$__crt_seh_guarded_call@H@@QEAAH$$QEAV<lambda_bfedae4ebbf01fab1bb6dcc6a9e276e0>@@AEAV<lambda_2fe9b910cf3cbf4a0ab98a02ba45b3ec>@@$$QEAV<lambda_237c231691f317818eb88cc1d5d642d6>@@@Z 0000000180009708 f i libucrt:close.obj
 0001:0000877c       _close                     000000018000977c f   libucrt:close.obj
 0001:00008820       _close_nolock              0000000180009820 f   libucrt:close.obj
 0001:000088dc       ?__acrt_stdio_free_stream@@YAXV__crt_stdio_stream@@@Z 00000001800098dc f   libucrt:stream.obj
 0001:00008920       __dcrt_lowio_initialize_console_output 0000000180009920 f   libucrt:initcon.obj
 0001:0000895c       __dcrt_terminate_console_output 000000018000995c f   libucrt:initcon.obj
 0001:00008990       _get_fpsr                  0000000180009990 f   libucrt:fpsr.obj
 0001:000089a0       _set_fpsr                  00000001800099a0 f   libucrt:fpsr.obj
 0001:000089aa       _fclrf                     00000001800099aa f   libucrt:fpsr.obj
 0001:000089be       _frnd                      00000001800099be f   libucrt:fpsr.obj
 0001:000089e0       _raise_exc                 00000001800099e0 f   libucrt:fpexcept.obj
 0001:00008a08       _raise_exc_ex              0000000180009a08 f   libucrt:fpexcept.obj
 0001:00008d10       _set_errno_from_matherr    0000000180009d10 f   libucrt:fpexcept.obj
 0001:00008d40       _clrfp                     0000000180009d40 f   libucrt:fpctrl.obj
 0001:00008d60       _ctrlfp                    0000000180009d60 f   libucrt:fpctrl.obj
 0001:00008ddc       _set_statfp                0000000180009ddc f   libucrt:fpctrl.obj
 0001:00008dfc       _statfp                    0000000180009dfc f   libucrt:fpctrl.obj
 0001:00008e0e       IsProcessorFeaturePresent  0000000180009e0e f   kernel32:KERNEL32.dll
 0001:00008e14       RtlUnwindEx                0000000180009e14 f   kernel32:KERNEL32.dll
 0001:00008e1a       SystemFunction036          0000000180009e1a f   advapi32:ADVAPI32.dll
 0001:00008e20       ?DloadAcquireSectionWriteAccess@@YAXXZ 0000000180009e20 f i DelayImp:delayhlp.obj
 0001:00008edc       ?DloadGetSRWLockFunctionPointers@@YAEXZ 0000000180009edc f i DelayImp:delayhlp.obj
 0001:00008f78       ?DloadMakePermanentImageCommit@@YAXPEAX_K@Z 0000000180009f78 f i DelayImp:delayhlp.obj
 0001:00009010       ?DloadObtainSection@@YAPEAXPEAK0@Z 000000018000a010 f i DelayImp:delayhlp.obj
 0001:000090a8       ?DloadProtectSection@@YAXKPEAK@Z 000000018000a0a8 f i DelayImp:delayhlp.obj
 0001:00009138       ?DloadReleaseSectionWriteAccess@@YAXXZ 000000018000a138 f i DelayImp:delayhlp.obj
 0001:000091dc       __delayLoadHelper2         000000018000a1dc f   DelayImp:delayhlp.obj
 0001:000094e4       __GSHandlerCheck           000000018000a4e4 f   LIBCMT:_gshandler_.obj
 0001:00009504       __GSHandlerCheckCommon     000000018000a504 f   LIBCMT:_gshandler_.obj
 0001:00009560       _FindPESection             000000018000a560 f   LIBCMT:pesect.obj
 0001:000095b0       _IsNonwritableInCurrentImage 000000018000a5b0 f   LIBCMT:pesect.obj
 0001:00009600       _ValidateImageBase         000000018000a600 f   LIBCMT:pesect.obj
 0001:00009640       _alloca_probe              000000018000a640 f   LIBCMT:_chkstk_.obj
 0001:00009640       __chkstk                   000000018000a640 f   LIBCMT:_chkstk_.obj
 0001:000096b0       memmove                    000000018000a6b0 f   libvcruntime:memcpy.obj
 0001:000096b0       memcpy                     000000018000a6b0 f   libvcruntime:memcpy.obj
 0001:00009b00       memcmp                     000000018000ab00 f   libvcruntime:memcmp.obj
 0001:00009be0       _guard_dispatch_icall_nop  000000018000abe0 f   LIBCMT:_guard_dispatch_.obj
 0002:00000000       __imp_SystemFunction036    000000018000b000     advapi32:ADVAPI32.dll
 0002:00000008       \177ADVAPI32_NULL_THUNK_DATA 000000018000b008     advapi32:ADVAPI32.dll
 0002:00000010       __imp_CertOpenStore        000000018000b010     crypt32:CRYPT32.dll
 0002:00000018       \177CRYPT32_NULL_THUNK_DATA 000000018000b018     crypt32:CRYPT32.dll
 0002:00000020       __imp_RtlCaptureContext    000000018000b020     kernel32:KERNEL32.dll
 0002:00000028       __imp_RtlLookupFunctionEntry 000000018000b028     kernel32:KERNEL32.dll
 0002:00000030       __imp_RtlVirtualUnwind     000000018000b030     kernel32:KERNEL32.dll
 0002:00000038       __imp_UnhandledExceptionFilter 000000018000b038     kernel32:KERNEL32.dll
 0002:00000040       __imp_SetUnhandledExceptionFilter 000000018000b040     kernel32:KERNEL32.dll
 0002:00000048       __imp_GetCurrentProcess    000000018000b048     kernel32:KERNEL32.dll
 0002:00000050       __imp_TerminateProcess     000000018000b050     kernel32:KERNEL32.dll
 0002:00000058       __imp_IsProcessorFeaturePresent 000000018000b058     kernel32:KERNEL32.dll
 0002:00000060       __imp_QueryPerformanceCounter 000000018000b060     kernel32:KERNEL32.dll
 0002:00000068       __imp_GetCurrentProcessId  000000018000b068     kernel32:KERNEL32.dll
 0002:00000070       __imp_GetCurrentThreadId   000000018000b070     kernel32:KERNEL32.dll
 0002:00000078       __imp_GetSystemTimeAsFileTime 000000018000b078     kernel32:KERNEL32.dll
 0002:00000080       __imp_InitializeSListHead  000000018000b080     kernel32:KERNEL32.dll
 0002:00000088       __imp_IsDebuggerPresent    000000018000b088     kernel32:KERNEL32.dll
 0002:00000090       __imp_GetStartupInfoW      000000018000b090     kernel32:KERNEL32.dll
 0002:00000098       __imp_GetModuleHandleW     000000018000b098     kernel32:KERNEL32.dll
 0002:000000a0       __imp_GetLastError         000000018000b0a0     kernel32:KERNEL32.dll
 0002:000000a8       __imp_GetModuleFileNameW   000000018000b0a8     kernel32:KERNEL32.dll
 0002:000000b0       __imp_RtlUnwindEx          000000018000b0b0     kernel32:KERNEL32.dll
 0002:000000b8       __imp_InterlockedFlushSList 000000018000b0b8     kernel32:KERNEL32.dll
 0002:000000c0       __imp_InitializeCriticalSectionAndSpinCount 000000018000b0c0     kernel32:KERNEL32.dll
 0002:000000c8       __imp_TlsAlloc             000000018000b0c8     kernel32:KERNEL32.dll
 0002:000000d0       __imp_TlsGetValue          000000018000b0d0     kernel32:KERNEL32.dll
 0002:000000d8       __imp_TlsSetValue          000000018000b0d8     kernel32:KERNEL32.dll
 0002:000000e0       __imp_TlsFree              000000018000b0e0     kernel32:KERNEL32.dll
 0002:000000e8       __imp_FreeLibrary          000000018000b0e8     kernel32:KERNEL32.dll
 0002:000000f0       __imp_GetProcAddress       000000018000b0f0     kernel32:KERNEL32.dll
 0002:000000f8       __imp_LoadLibraryExW       000000018000b0f8     kernel32:KERNEL32.dll
 0002:00000100       __imp_SetLastError         000000018000b100     kernel32:KERNEL32.dll
 0002:00000108       __imp_EnterCriticalSection 000000018000b108     kernel32:KERNEL32.dll
 0002:00000110       __imp_LeaveCriticalSection 000000018000b110     kernel32:KERNEL32.dll
 0002:00000118       __imp_DeleteCriticalSection 000000018000b118     kernel32:KERNEL32.dll
 0002:00000120       __imp_ExitProcess          000000018000b120     kernel32:KERNEL32.dll
 0002:00000128       __imp_GetModuleHandleExW   000000018000b128     kernel32:KERNEL32.dll
 0002:00000130       __imp_MultiByteToWideChar  000000018000b130     kernel32:KERNEL32.dll
 0002:00000138       __imp_WideCharToMultiByte  000000018000b138     kernel32:KERNEL32.dll
 0002:00000140       __imp_HeapFree             000000018000b140     kernel32:KERNEL32.dll
 0002:00000148       __imp_GetACP               000000018000b148     kernel32:KERNEL32.dll
 0002:00000150       __imp_LCMapStringW         000000018000b150     kernel32:KERNEL32.dll
 0002:00000158       __imp_IsValidCodePage      000000018000b158     kernel32:KERNEL32.dll
 0002:00000160       __imp_GetOEMCP             000000018000b160     kernel32:KERNEL32.dll
 0002:00000168       __imp_GetCPInfo            000000018000b168     kernel32:KERNEL32.dll
 0002:00000170       __imp_GetEnvironmentStringsW 000000018000b170     kernel32:KERNEL32.dll
 0002:00000178       __imp_FreeEnvironmentStringsW 000000018000b178     kernel32:KERNEL32.dll
 0002:00000180       __imp_GetProcessHeap       000000018000b180     kernel32:KERNEL32.dll
 0002:00000188       __imp_GetStdHandle         000000018000b188     kernel32:KERNEL32.dll
 0002:00000190       __imp_GetFileType          000000018000b190     kernel32:KERNEL32.dll
 0002:00000198       __imp_GetCommandLineA      000000018000b198     kernel32:KERNEL32.dll
 0002:000001a0       __imp_GetCommandLineW      000000018000b1a0     kernel32:KERNEL32.dll
 0002:000001a8       __imp_GetStringTypeW       000000018000b1a8     kernel32:KERNEL32.dll
 0002:000001b0       __imp_HeapSize             000000018000b1b0     kernel32:KERNEL32.dll
 0002:000001b8       __imp_HeapReAlloc          000000018000b1b8     kernel32:KERNEL32.dll
 0002:000001c0       __imp_SetStdHandle         000000018000b1c0     kernel32:KERNEL32.dll
 0002:000001c8       __imp_WriteFile            000000018000b1c8     kernel32:KERNEL32.dll
 0002:000001d0       __imp_FlushFileBuffers     000000018000b1d0     kernel32:KERNEL32.dll
 0002:000001d8       __imp_GetConsoleCP         000000018000b1d8     kernel32:KERNEL32.dll
 0002:000001e0       __imp_GetConsoleMode       000000018000b1e0     kernel32:KERNEL32.dll
 0002:000001e8       __imp_SetFilePointerEx     000000018000b1e8     kernel32:KERNEL32.dll
 0002:000001f0       __imp_CloseHandle          000000018000b1f0     kernel32:KERNEL32.dll
 0002:000001f8       __imp_WriteConsoleW        000000018000b1f8     kernel32:KERNEL32.dll
 0002:00000200       __imp_CreateFileW          000000018000b200     kernel32:KERNEL32.dll
 0002:00000208       __imp_RaiseException       000000018000b208     kernel32:KERNEL32.dll
 0002:00000210       __imp_HeapAlloc            000000018000b210     kernel32:KERNEL32.dll
 0002:00000218       __imp_GetModuleHandleA     000000018000b218     kernel32:KERNEL32.dll
 0002:00000220       __imp_GetSystemInfo        000000018000b220     kernel32:KERNEL32.dll
 0002:00000228       __imp_VirtualProtect       000000018000b228     kernel32:KERNEL32.dll
 0002:00000230       __imp_VirtualQuery         000000018000b230     kernel32:KERNEL32.dll
 0002:00000238       __imp_LoadLibraryExA       000000018000b238     kernel32:KERNEL32.dll
 0002:00000240       \177KERNEL32_NULL_THUNK_DATA 000000018000b240     kernel32:KERNEL32.dll
 0002:00000248       __guard_check_icall_fptr   000000018000b248     LIBCMT:guard_support.obj
 0002:00000250       __guard_dispatch_icall_fptr 000000018000b250     LIBCMT:guard_support.obj
 0002:00000258       __xc_a                     000000018000b258     LIBCMT:initializers.obj
 0002:00000260       _register_addon_           000000018000b260     X509Store.obj
 0002:00000268       __xc_z                     000000018000b268     LIBCMT:initializers.obj
 0002:00000270       __xi_a                     000000018000b270     LIBCMT:initializers.obj
 0002:00000278       __acrt_multibyte_initializer 000000018000b278     libucrt:multibyte_initializer.obj
 0002:00000280       __acrt_stdio_initializer   000000018000b280     libucrt:stdio_initializer.obj
 0002:00000288       __acrt_tran_fma3_initializer 000000018000b288     libucrt:fma3_initializer.obj
 0002:00000290       __xi_z                     000000018000b290     LIBCMT:initializers.obj
 0002:00000298       __xp_a                     000000018000b298     LIBCMT:initializers.obj
 0002:000002a0       __acrt_locale_terminator   000000018000b2a0     libucrt:locale_initializer.obj
 0002:000002a8       __dcrt_console_output_terminator 000000018000b2a8     libucrt:console_output_initializer.obj
 0002:000002b0       __acrt_stdio_terminator    000000018000b2b0     libucrt:stdio_initializer.obj
 0002:000002b8       __xp_z                     000000018000b2b8     LIBCMT:initializers.obj
 0002:000002c0       __xt_a                     000000018000b2c0     LIBCMT:initializers.obj
 0002:000002c8       __xt_z                     000000018000b2c8     LIBCMT:initializers.obj
 0002:000002d0       __sz_node_exe              000000018000b2d0     node:node.exe
 0002:000002e0       _pDefaultRawDllMain        000000018000b2e0     LIBCMT:dll_dllmain.obj
 0002:000002e0       _pRawDllMain               000000018000b2e0     LIBCMT:dll_dllmain.obj
 0002:000002f8       _Microsoft_CRTProvider     000000018000b2f8     libvcruntime:telemetry.obj
 0002:00000300       ??_C@_00CNPNBAHC@?$AA@     000000018000b300     libvcruntime:telemetry.obj
 0002:00000304       ??_C@_11LOCGONAA@?$AA?$AA@ 000000018000b304     libvcruntime:telemetry.obj
 0002:00000308       ??_C@_0O@JEOPJOMI@Main?5Invoked?4?$AA@ 000000018000b308     libvcruntime:telemetry.obj
 0002:00000318       ??_C@_0P@NEAEIBDO@Main?5Returned?4?$AA@ 000000018000b318     libvcruntime:telemetry.obj
 0002:00000348       ??_C@_1BC@DNHGCMLG@?$AAa?$AAd?$AAv?$AAa?$AAp?$AAi?$AA3?$AA2?$AA?$AA@ 000000018000b348     libvcruntime:winapi_downlevel.obj
 0002:00000360       ??_C@_1DM@KHCHBNEB@?$AAa?$AAp?$AAi?$AA?9?$AAm?$AAs?$AA?9?$AAw?$AAi?$AAn?$AA?9?$AAc?$AAo?$AAr?$AAe?$AA?9?$AAf?$AAi?$AAb?$AAe?$AAr?$AAs?$AA?9?$AAl?$AA1?$AA?9?$AA1?$AA?9?$AA1?$AA?$AA@ 000000018000b360     libvcruntime:winapi_downlevel.obj
 0002:000003a0       ??_C@_1DK@LPPGFMPP@?$AAa?$AAp?$AAi?$AA?9?$AAm?$AAs?$AA?9?$AAw?$AAi?$AAn?$AA?9?$AAc?$AAo?$AAr?$AAe?$AA?9?$AAs?$AAy?$AAn?$AAc?$AAh?$AA?9?$AAl?$AA1?$AA?9?$AA2?$AA?9?$AA0?$AA?$AA@ 000000018000b3a0     libvcruntime:winapi_downlevel.obj
 0002:000003e0       ??_C@_1BC@GDMECMAK@?$AAk?$AAe?$AAr?$AAn?$AAe?$AAl?$AA3?$AA2?$AA?$AA@ 000000018000b3e0     libvcruntime:winapi_downlevel.obj
 0002:000003f8       ??_C@_0O@BAMBGLIE@EventRegister?$AA@ 000000018000b3f8     libvcruntime:winapi_downlevel.obj
 0002:00000410       ??_C@_0BE@BJEEGHGK@EventSetInformation?$AA@ 000000018000b410     libvcruntime:winapi_downlevel.obj
 0002:00000428       ??_C@_0BA@FAKLIPIC@EventUnregister?$AA@ 000000018000b428     libvcruntime:winapi_downlevel.obj
 0002:00000440       ??_C@_0BD@PKLHJPHD@EventWriteTransfer?$AA@ 000000018000b440     libvcruntime:winapi_downlevel.obj
 0002:00000460       ??_C@_08KNHFBNJ@FlsAlloc?$AA@ 000000018000b460     libvcruntime:winapi_downlevel.obj
 0002:00000478       ??_C@_07PEJMOBNF@FlsFree?$AA@ 000000018000b478     libvcruntime:winapi_downlevel.obj
 0002:00000488       ??_C@_0M@GDNOONDI@FlsGetValue?$AA@ 000000018000b488     libvcruntime:winapi_downlevel.obj
 0002:000004a0       ??_C@_0M@JCPCPOEF@FlsSetValue?$AA@ 000000018000b4a0     libvcruntime:winapi_downlevel.obj
 0002:000004b8       ??_C@_0BM@HCFOFFN@InitializeCriticalSectionEx?$AA@ 000000018000b4b8     libvcruntime:winapi_downlevel.obj
 0002:000004d4       ??_C@_01JOAMLHOP@?9?$AA@   000000018000b4d4     libvcruntime:undname.obj
 0002:000004d8       ??_C@_01MIFGBAGJ@?$CL?$AA@ 000000018000b4d8     libvcruntime:undname.obj
 0002:000004dc       ??_C@_01HNPIGOCE@?$CG?$AA@ 000000018000b4dc     libvcruntime:undname.obj
 0002:000004e0       ??_C@_03MNHNFDLC@?9?$DO?$CK?$AA@ 000000018000b4e0     libvcruntime:undname.obj
 0002:000004e4       ??_C@_01KMDKNFGN@?1?$AA@   000000018000b4e4     libvcruntime:undname.obj
 0002:000004e8       ??_C@_01FGNFDNOH@?$CF?$AA@ 000000018000b4e8     libvcruntime:undname.obj
 0002:000004ec       ??_C@_01MNNFJEPP@?$DM?$AA@ 000000018000b4ec     libvcruntime:undname.obj
 0002:000004f0       ??_C@_02EHCHHCKH@?$DM?$DN?$AA@ 000000018000b4f0     libvcruntime:undname.obj
 0002:000004f4       ??_C@_01PPODPGHN@?$DO?$AA@ 000000018000b4f4     libvcruntime:undname.obj
 0002:000004f8       ??_C@_02EEKDKGMJ@?$DO?$DN?$AA@ 000000018000b4f8     libvcruntime:undname.obj
 0002:000004fc       ??_C@_01IHBHIGKO@?0?$AA@   000000018000b4fc     libvcruntime:undname.obj
 0002:00000500       ??_C@_02HCKGKOFO@?$CI?$CJ?$AA@ 000000018000b500     libvcruntime:undname.obj
 0002:00000504       ??_C@_01PJKLJHI@?$HO?$AA@  000000018000b504     libvcruntime:undname.obj
 0002:00000508       ??_C@_01JKBOJNNK@?$FO?$AA@ 000000018000b508     libvcruntime:undname.obj
 0002:0000050c       ??_C@_01DNKMNLPK@?$HM?$AA@ 000000018000b50c     libvcruntime:undname.obj
 0002:00000510       ??_C@_02PPKAJPJL@?$CG?$CG?$AA@ 000000018000b510     libvcruntime:undname.obj
 0002:00000514       ??_C@_02NONPIBCD@?$HM?$HM?$AA@ 000000018000b514     libvcruntime:undname.obj
 0002:00000518       ??_C@_02FPIMKNGF@?$CK?$DN?$AA@ 000000018000b518     libvcruntime:undname.obj
 0002:0000051c       ??_C@_02FOEOMHFC@?$CL?$DN?$AA@ 000000018000b51c     libvcruntime:undname.obj
 0002:00000520       ??_C@_02FKMDLLOA@?9?$DN?$AA@ 000000018000b520     libvcruntime:undname.obj
 0002:00000524       ??_C@_02FJEHGPIO@?1?$DN?$AA@ 000000018000b524     libvcruntime:undname.obj
 0002:00000528       ??_C@_02FENAOKFI@?$CF?$DN?$AA@ 000000018000b528     libvcruntime:undname.obj
 0002:0000052c       ??_C@_03IKFCCPFF@?$DO?$DO?$DN?$AA@ 000000018000b52c     libvcruntime:undname.obj
 0002:00000530       ??_C@_03CDNPDDLA@?$DM?$DM?$DN?$AA@ 000000018000b530     libvcruntime:undname.obj
 0002:00000534       ??_C@_02FGJGFEAB@?$CG?$DN?$AA@ 000000018000b534     libvcruntime:undname.obj
 0002:00000538       ??_C@_02DHLNPPGH@?$HM?$DN?$AA@ 000000018000b538     libvcruntime:undname.obj
 0002:0000053c       ??_C@_02MHEGNOJ@?$FO?$DN?$AA@ 000000018000b53c     libvcruntime:undname.obj
 0002:00000540       ??_C@_09IFPLHPGF@?$GAvftable?8?$AA@ 000000018000b540     libvcruntime:undname.obj
 0002:00000550       ??_C@_09BLBHBJP@?$GAvbtable?8?$AA@ 000000018000b550     libvcruntime:undname.obj
 0002:00000560       ??_C@_07FEEIOKP@?$GAvcall?8?$AA@ 000000018000b560     libvcruntime:undname.obj
 0002:00000568       ??_C@_08LLFFHHDJ@?$GAtypeof?8?$AA@ 000000018000b568     libvcruntime:undname.obj
 0002:00000578       ??_C@_0BF@KDPPACIK@?$GAlocal?5static?5guard?8?$AA@ 000000018000b578     libvcruntime:undname.obj
 0002:00000590       ??_C@_08OBABFOLI@?$GAstring?8?$AA@ 000000018000b590     libvcruntime:undname.obj
 0002:000005a0       ??_C@_0BD@JDLKDPAB@?$GAvbase?5destructor?8?$AA@ 000000018000b5a0     libvcruntime:undname.obj
 0002:000005b8       ??_C@_0BN@DEGPLNFK@?$GAvector?5deleting?5destructor?8?$AA@ 000000018000b5b8     libvcruntime:undname.obj
 0002:000005d8       ??_C@_0BO@OBMKPJIG@?$GAdefault?5constructor?5closure?8?$AA@ 000000018000b5d8     libvcruntime:undname.obj
 0002:000005f8       ??_C@_0BN@IMDCHIKM@?$GAscalar?5deleting?5destructor?8?$AA@ 000000018000b5f8     libvcruntime:undname.obj
 0002:00000618       ??_C@_0BO@PFGOCPJJ@?$GAvector?5constructor?5iterator?8?$AA@ 000000018000b618     libvcruntime:undname.obj
 0002:00000638       ??_C@_0BN@LFPFMEDL@?$GAvector?5destructor?5iterator?8?$AA@ 000000018000b638     libvcruntime:undname.obj
 0002:00000658       ??_C@_0CE@IKBNEHA@?$GAvector?5vbase?5constructor?5iterat@ 000000018000b658     libvcruntime:undname.obj
 0002:00000680       ??_C@_0BL@NILFHHPC@?$GAvirtual?5displacement?5map?8?$AA@ 000000018000b680     libvcruntime:undname.obj
 0002:000006a0       ??_C@_0CB@JONCMFFK@?$GAeh?5vector?5constructor?5iterator?8@ 000000018000b6a0     libvcruntime:undname.obj
 0002:000006c8       ??_C@_0CA@GCEOPDGL@?$GAeh?5vector?5destructor?5iterator?8?$AA@ 000000018000b6c8     libvcruntime:undname.obj
 0002:000006e8       ??_C@_0CH@OOJPLCPH@?$GAeh?5vector?5vbase?5constructor?5ite@ 000000018000b6e8     libvcruntime:undname.obj
 0002:00000710       ??_C@_0BL@LLKPOHJI@?$GAcopy?5constructor?5closure?8?$AA@ 000000018000b710     libvcruntime:undname.obj
 0002:00000730       ??_C@_0BA@KBCDOMBN@?$GAudt?5returning?8?$AA@ 000000018000b730     libvcruntime:undname.obj
 0002:00000740       ??_C@_03KLGMFNMG@?$GAEH?$AA@ 000000018000b740     libvcruntime:undname.obj
 0002:00000744       ??_C@_05KHLCHHI@?$GARTTI?$AA@ 000000018000b744     libvcruntime:undname.obj
 0002:00000750       ??_C@_0BA@KKLDJDLB@?$GAlocal?5vftable?8?$AA@ 000000018000b750     libvcruntime:undname.obj
 0002:00000760       ??_C@_0CE@IIHCMGGL@?$GAlocal?5vftable?5constructor?5closu@ 000000018000b760     libvcruntime:undname.obj
 0002:00000784       ??_C@_06FHBGPFGH@?5new?$FL?$FN?$AA@ 000000018000b784     libvcruntime:undname.obj
 0002:00000790       ??_C@_09LBNFPBCA@?5delete?$FL?$FN?$AA@ 000000018000b790     libvcruntime:undname.obj
 0002:000007a0       ??_C@_0P@HJKNJFNN@?$GAomni?5callsig?8?$AA@ 000000018000b7a0     libvcruntime:undname.obj
 0002:000007b0       ??_C@_0BL@CNOONJFP@?$GAplacement?5delete?5closure?8?$AA@ 000000018000b7b0     libvcruntime:undname.obj
 0002:000007d0       ??_C@_0BN@CKNJLHMB@?$GAplacement?5delete?$FL?$FN?5closure?8?$AA@ 000000018000b7d0     libvcruntime:undname.obj
 0002:000007f0       ??_C@_0CG@CFDHKGGD@?$GAmanaged?5vector?5constructor?5iter@ 000000018000b7f0     libvcruntime:undname.obj
 0002:00000818       ??_C@_0CF@IMGKMJNO@?$GAmanaged?5vector?5destructor?5itera@ 000000018000b818     libvcruntime:undname.obj
 0002:00000840       ??_C@_0CG@HLDDJMAG@?$GAeh?5vector?5copy?5constructor?5iter@ 000000018000b840     libvcruntime:undname.obj
 0002:00000868       ??_C@_0CM@FCBBDIGB@?$GAeh?5vector?5vbase?5copy?5constructo@ 000000018000b868     libvcruntime:undname.obj
 0002:00000898       ??_C@_0BL@CLIPGLGB@?$GAdynamic?5initializer?5for?5?8?$AA@ 000000018000b898     libvcruntime:undname.obj
 0002:000008b8       ??_C@_0CB@PDBIFEP@?$GAdynamic?5atexit?5destructor?5for?5?8@ 000000018000b8b8     libvcruntime:undname.obj
 0002:000008e0       ??_C@_0CD@CGAJBKEJ@?$GAvector?5copy?5constructor?5iterato@ 000000018000b8e0     libvcruntime:undname.obj
 0002:00000908       ??_C@_0CJ@GJELGAMM@?$GAvector?5vbase?5copy?5constructor?5i@ 000000018000b908     libvcruntime:undname.obj
 0002:00000938       ??_C@_0CL@FGIJHLCE@?$GAmanaged?5vector?5copy?5constructor@ 000000018000b938     libvcruntime:undname.obj
 0002:00000968       ??_C@_0BM@PMGGMLDN@?$GAlocal?5static?5thread?5guard?8?$AA@ 000000018000b968     libvcruntime:undname.obj
 0002:00000988       ??_C@_0N@BDNMDMOL@operator?5?$CC?$CC?5?$AA@ 000000018000b988     libvcruntime:undname.obj
 0002:00000cc8       ??_C@_0BC@DAFEJGAK@?5Type?5Descriptor?8?$AA@ 000000018000bcc8     libvcruntime:undname.obj
 0002:00000ce0       ??_C@_0BM@LDKODKLH@?5Base?5Class?5Descriptor?5at?5?$CI?$AA@ 000000018000bce0     libvcruntime:undname.obj
 0002:00000d00       ??_C@_0BD@LGICGFMM@?5Base?5Class?5Array?8?$AA@ 000000018000bd00     libvcruntime:undname.obj
 0002:00000d18       ??_C@_0BN@MECKDCOJ@?5Class?5Hierarchy?5Descriptor?8?$AA@ 000000018000bd18     libvcruntime:undname.obj
 0002:00000d38       ??_C@_0BK@CFCOFLF@?5Complete?5Object?5Locator?8?$AA@ 000000018000bd38     libvcruntime:undname.obj
 0002:00000d58       ??_C@_08EHJDFFNH@__based?$CI?$AA@ 000000018000bd58     libvcruntime:undname.obj
 0002:00000d68       ??_C@_07KOLFKCDI@__cdecl?$AA@ 000000018000bd68     libvcruntime:undname.obj
 0002:00000d70       ??_C@_08GHMPAG@__pascal?$AA@ 000000018000bd70     libvcruntime:undname.obj
 0002:00000d80       ??_C@_09IFJBGAPI@__stdcall?$AA@ 000000018000bd80     libvcruntime:undname.obj
 0002:00000d90       ??_C@_0L@NPHFGOKO@__thiscall?$AA@ 000000018000bd90     libvcruntime:undname.obj
 0002:00000da0       ??_C@_0L@JMKHOMEK@__fastcall?$AA@ 000000018000bda0     libvcruntime:undname.obj
 0002:00000db0       ??_C@_0N@BCKKPABJ@__vectorcall?$AA@ 000000018000bdb0     libvcruntime:undname.obj
 0002:00000dc0       ??_C@_09HIJEGCPM@__clrcall?$AA@ 000000018000bdc0     libvcruntime:undname.obj
 0002:00000dcc       ??_C@_06GHPCKEAG@__eabi?$AA@ 000000018000bdcc     libvcruntime:undname.obj
 0002:00000dd8       ??_C@_07JOMMBBKO@__ptr64?$AA@ 000000018000bdd8     libvcruntime:undname.obj
 0002:00000de0       ??_C@_0L@PILCLIHE@__restrict?$AA@ 000000018000bde0     libvcruntime:undname.obj
 0002:00000df0       ??_C@_0M@GFIIJFMG@__unaligned?$AA@ 000000018000bdf0     libvcruntime:undname.obj
 0002:00000e00       ??_C@_09DHDLOLLB@restrict?$CI?$AA@ 000000018000be00     libvcruntime:undname.obj
 0002:00000e0c       ??_C@_04NIHEBCM@?5new?$AA@ 000000018000be0c     libvcruntime:undname.obj
 0002:00000e18       ??_C@_07FPCDHGMM@?5delete?$AA@ 000000018000be18     libvcruntime:undname.obj
 0002:00000e20       ??_C@_01NEMOKFLO@?$DN?$AA@ 000000018000be20     libvcruntime:undname.obj
 0002:00000e24       ??_C@_02GPIOPFAK@?$DO?$DO?$AA@ 000000018000be24     libvcruntime:undname.obj
 0002:00000e28       ??_C@_02FODMEDOG@?$DM?$DM?$AA@ 000000018000be28     libvcruntime:undname.obj
 0002:00000e2c       ??_C@_01DCLJPIOD@?$CB?$AA@ 000000018000be2c     libvcruntime:undname.obj
 0002:00000e30       ??_C@_02EGOFBIJA@?$DN?$DN?$AA@ 000000018000be30     libvcruntime:undname.obj
 0002:00000e34       ??_C@_02FDNJECIE@?$CB?$DN?$AA@ 000000018000be34     libvcruntime:undname.obj
 0002:00000e38       ??_C@_02GPECMEKF@?$FL?$FN?$AA@ 000000018000be38     libvcruntime:undname.obj
 0002:00000e40       ??_C@_08LHJFAFGD@operator?$AA@ 000000018000be40     libvcruntime:undname.obj
 0002:00000e4c       ??_C@_02HBOOOICD@?9?$DO?$AA@ 000000018000be4c     libvcruntime:undname.obj
 0002:00000e50       ??_C@_01NBENCBCI@?$CK?$AA@ 000000018000be50     libvcruntime:undname.obj
 0002:00000e54       ??_C@_02ECNGHCIF@?$CL?$CL?$AA@ 000000018000be54     libvcruntime:undname.obj
 0002:00000e58       ??_C@_02BAABKJLB@?9?9?$AA@ 000000018000be58     libvcruntime:undname.obj
 0002:00000e60       __acrt_exception_action_table 000000018000be60     libucrt:exception_filter.obj
 0002:00000f20       __acrt_signal_action_table_count 000000018000bf20     libucrt:exception_filter.obj
 0002:00000f28       __acrt_signal_action_first_fpe_index 000000018000bf28     libucrt:exception_filter.obj
 0002:00000f30       __acrt_signal_action_fpe_count 000000018000bf30     libucrt:exception_filter.obj
 0002:00000f38       ??_C@_1BI@BGOHAHKC@?$AAm?$AAs?$AAc?$AAo?$AAr?$AAe?$AAe?$AA?4?$AAd?$AAl?$AAl?$AA?$AA@ 000000018000bf38     libucrt:exit.obj
 0002:00000f50       ??_C@_0P@MIGLKIOC@CorExitProcess?$AA@ 000000018000bf50     libucrt:exit.obj
 0002:000011c0       __lc_time_c                000000018000c1c0     libucrt:nlsdata.obj
 0002:00001480       ??_C@_03KOEHGMDN@Sun?$AA@  000000018000c480     libucrt:nlsdata.obj
 0002:00001484       ??_C@_03PDAGKDH@Mon?$AA@   000000018000c484     libucrt:nlsdata.obj
 0002:00001488       ??_C@_03NAGEINEP@Tue?$AA@  000000018000c488     libucrt:nlsdata.obj
 0002:0000148c       ??_C@_03MHOMLAJA@Wed?$AA@  000000018000c48c     libucrt:nlsdata.obj
 0002:00001490       ??_C@_03IOFIKPDN@Thu?$AA@  000000018000c490     libucrt:nlsdata.obj
 0002:00001494       ??_C@_03IDIOELNC@Fri?$AA@  000000018000c494     libucrt:nlsdata.obj
 0002:00001498       ??_C@_03FEFJNEK@Sat?$AA@   000000018000c498     libucrt:nlsdata.obj
 0002:0000149c       ??_C@_06OOPIFAJ@Sunday?$AA@ 000000018000c49c     libucrt:nlsdata.obj
 0002:000014a4       ??_C@_06JLEDEDGH@Monday?$AA@ 000000018000c4a4     libucrt:nlsdata.obj
 0002:000014b0       ??_C@_07BAAGCFCM@Tuesday?$AA@ 000000018000c4b0     libucrt:nlsdata.obj
 0002:000014b8       ??_C@_09DLIGFAKA@Wednesday?$AA@ 000000018000c4b8     libucrt:nlsdata.obj
 0002:000014c8       ??_C@_08HACCIKIA@Thursday?$AA@ 000000018000c4c8     libucrt:nlsdata.obj
 0002:000014d4       ??_C@_06JECMNKMI@Friday?$AA@ 000000018000c4d4     libucrt:nlsdata.obj
 0002:000014e0       ??_C@_08INBOOONO@Saturday?$AA@ 000000018000c4e0     libucrt:nlsdata.obj
 0002:000014ec       ??_C@_03JIHJHPIE@Jan?$AA@  000000018000c4ec     libucrt:nlsdata.obj
 0002:000014f0       ??_C@_03HJBDCHOM@Feb?$AA@  000000018000c4f0     libucrt:nlsdata.obj
 0002:000014f4       ??_C@_03ODNJBKGA@Mar?$AA@  000000018000c4f4     libucrt:nlsdata.obj
 0002:000014f8       ??_C@_03LEOLGMJP@Apr?$AA@  000000018000c4f8     libucrt:nlsdata.obj
 0002:000014fc       ??_C@_03CNMDKL@May?$AA@    000000018000c4fc     libucrt:nlsdata.obj
 0002:00001500       ??_C@_03IDFGHECI@Jun?$AA@  000000018000c500     libucrt:nlsdata.obj
 0002:00001504       ??_C@_03LBGABGKK@Jul?$AA@  000000018000c504     libucrt:nlsdata.obj
 0002:00001508       ??_C@_03IFJFEIGA@Aug?$AA@  000000018000c508     libucrt:nlsdata.obj
 0002:0000150c       ??_C@_03GGCAPAJC@Sep?$AA@  000000018000c50c     libucrt:nlsdata.obj
 0002:00001510       ??_C@_03BMAOKBAD@Oct?$AA@  000000018000c510     libucrt:nlsdata.obj
 0002:00001514       ??_C@_03JPJOFNIA@Nov?$AA@  000000018000c514     libucrt:nlsdata.obj
 0002:00001518       ??_C@_03MKABNOCG@Dec?$AA@  000000018000c518     libucrt:nlsdata.obj
 0002:00001520       ??_C@_07CGJPFGJA@January?$AA@ 000000018000c520     libucrt:nlsdata.obj
 0002:00001528       ??_C@_08GNJGEPFN@February?$AA@ 000000018000c528     libucrt:nlsdata.obj
 0002:00001534       ??_C@_05HPCKOFNC@March?$AA@ 000000018000c534     libucrt:nlsdata.obj
 0002:0000153c       ??_C@_05DMJDNLEJ@April?$AA@ 000000018000c53c     libucrt:nlsdata.obj
 0002:00001544       ??_C@_04CNLMGBGM@June?$AA@ 000000018000c544     libucrt:nlsdata.obj
 0002:0000154c       ??_C@_04MIEPOIFP@July?$AA@ 000000018000c54c     libucrt:nlsdata.obj
 0002:00001554       ??_C@_06LBBHFDDG@August?$AA@ 000000018000c554     libucrt:nlsdata.obj
 0002:00001560       ??_C@_09BHHEALKD@September?$AA@ 000000018000c560     libucrt:nlsdata.obj
 0002:00001570       ??_C@_07JJNFCEND@October?$AA@ 000000018000c570     libucrt:nlsdata.obj
 0002:00001578       ??_C@_08HCHEGEOA@November?$AA@ 000000018000c578     libucrt:nlsdata.obj
 0002:00001588       ??_C@_08EDHMEBNP@December?$AA@ 000000018000c588     libucrt:nlsdata.obj
 0002:00001594       ??_C@_02DEDBPAFC@AM?$AA@   000000018000c594     libucrt:nlsdata.obj
 0002:00001598       ??_C@_02CJNFDJBF@PM?$AA@   000000018000c598     libucrt:nlsdata.obj
 0002:000015a0       ??_C@_08BPBNCDIB@MM?1dd?1yy?$AA@ 000000018000c5a0     libucrt:nlsdata.obj
 0002:000015b0       ??_C@_0BE@CKGJFCPC@dddd?0?5MMMM?5dd?0?5yyyy?$AA@ 000000018000c5b0     libucrt:nlsdata.obj
 0002:000015c8       ??_C@_08JCCMCCIL@HH?3mm?3ss?$AA@ 000000018000c5c8     libucrt:nlsdata.obj
 0002:000015d8       ??_C@_17MBGCMIPB@?$AAS?$AAu?$AAn?$AA?$AA@ 000000018000c5d8     libucrt:nlsdata.obj
 0002:000015e0       ??_C@_17KBOMKBF@?$AAM?$AAo?$AAn?$AA?$AA@ 000000018000c5e0     libucrt:nlsdata.obj
 0002:000015e8       ??_C@_17BMKGEGOJ@?$AAT?$AAu?$AAe?$AA?$AA@ 000000018000c5e8     libucrt:nlsdata.obj
 0002:000015f0       ??_C@_17CJEDCEPE@?$AAW?$AAe?$AAd?$AA?$AA@ 000000018000c5f0     libucrt:nlsdata.obj
 0002:000015f8       ??_C@_17PDPHAADD@?$AAT?$AAh?$AAu?$AA?$AA@ 000000018000c5f8     libucrt:nlsdata.obj
 0002:00001600       ??_C@_17HFOLPPLP@?$AAF?$AAr?$AAi?$AA?$AA@ 000000018000c600     libucrt:nlsdata.obj
 0002:00001608       ??_C@_17GGIBDPIH@?$AAS?$AAa?$AAt?$AA?$AA@ 000000018000c608     libucrt:nlsdata.obj
 0002:00001610       ??_C@_1O@IHNHDHPB@?$AAS?$AAu?$AAn?$AAd?$AAa?$AAy?$AA?$AA@ 000000018000c610     libucrt:nlsdata.obj
 0002:00001620       ??_C@_1O@MMNBFLIA@?$AAM?$AAo?$AAn?$AAd?$AAa?$AAy?$AA?$AA@ 000000018000c620     libucrt:nlsdata.obj
 0002:00001630       ??_C@_1BA@ENFBFFEK@?$AAT?$AAu?$AAe?$AAs?$AAd?$AAa?$AAy?$AA?$AA@ 000000018000c630     libucrt:nlsdata.obj
 0002:00001640       ??_C@_1BE@EBOGMDOH@?$AAW?$AAe?$AAd?$AAn?$AAe?$AAs?$AAd?$AAa?$AAy?$AA?$AA@ 000000018000c640     libucrt:nlsdata.obj
 0002:00001658       ??_C@_1BC@HHMNLIHE@?$AAT?$AAh?$AAu?$AAr?$AAs?$AAd?$AAa?$AAy?$AA?$AA@ 000000018000c658     libucrt:nlsdata.obj
 0002:00001670       ??_C@_1O@PDICJHAG@?$AAF?$AAr?$AAi?$AAd?$AAa?$AAy?$AA?$AA@ 000000018000c670     libucrt:nlsdata.obj
 0002:00001680       ??_C@_1BC@ENMNNPAJ@?$AAS?$AAa?$AAt?$AAu?$AAr?$AAd?$AAa?$AAy?$AA?$AA@ 000000018000c680     libucrt:nlsdata.obj
 0002:00001698       ??_C@_17DKNBKCHM@?$AAJ?$AAa?$AAn?$AA?$AA@ 000000018000c698     libucrt:nlsdata.obj
 0002:000016a0       ??_C@_17LMDJEKJN@?$AAF?$AAe?$AAb?$AA?$AA@ 000000018000c6a0     libucrt:nlsdata.obj
 0002:000016a8       ??_C@_17CKNLEDEC@?$AAM?$AAa?$AAr?$AA?$AA@ 000000018000c6a8     libucrt:nlsdata.obj
 0002:000016b0       ??_C@_17LFPOIHDD@?$AAA?$AAp?$AAr?$AA?$AA@ 000000018000c6b0     libucrt:nlsdata.obj
 0002:000016b8       ??_C@_17PNNKMEED@?$AAM?$AAa?$AAy?$AA?$AA@ 000000018000c6b8     libucrt:nlsdata.obj
 0002:000016c0       ??_C@_17KCJGOCPB@?$AAJ?$AAu?$AAn?$AA?$AA@ 000000018000c6c0     libucrt:nlsdata.obj
 0002:000016c8       ??_C@_17IJPCKHK@?$AAJ?$AAu?$AAl?$AA?$AA@ 000000018000c6c8     libucrt:nlsdata.obj
 0002:000016d0       ??_C@_17ICPELBCN@?$AAA?$AAu?$AAg?$AA?$AA@ 000000018000c6d0     libucrt:nlsdata.obj
 0002:000016d8       ??_C@_17HCHCOKMG@?$AAS?$AAe?$AAp?$AA?$AA@ 000000018000c6d8     libucrt:nlsdata.obj
 0002:000016e0       ??_C@_17FNLKOI@?$AAO?$AAc?$AAt?$AA?$AA@ 000000018000c6e0     libucrt:nlsdata.obj
 0002:000016e8       ??_C@_17BBDMLCIG@?$AAN?$AAo?$AAv?$AA?$AA@ 000000018000c6e8     libucrt:nlsdata.obj
 0002:000016f0       ??_C@_17EGKACKIF@?$AAD?$AAe?$AAc?$AA?$AA@ 000000018000c6f0     libucrt:nlsdata.obj
 0002:000016f8       ??_C@_1BA@EFMEIEBA@?$AAJ?$AAa?$AAn?$AAu?$AAa?$AAr?$AAy?$AA?$AA@ 000000018000c6f8     libucrt:nlsdata.obj
 0002:00001708       ??_C@_1BC@JGDDFFAM@?$AAF?$AAe?$AAb?$AAr?$AAu?$AAa?$AAr?$AAy?$AA?$AA@ 000000018000c708     libucrt:nlsdata.obj
 0002:00001720       ??_C@_1M@IKEENEDF@?$AAM?$AAa?$AAr?$AAc?$AAh?$AA?$AA@ 000000018000c720     libucrt:nlsdata.obj
 0002:00001730       ??_C@_1M@GJNLMHFD@?$AAA?$AAp?$AAr?$AAi?$AAl?$AA?$AA@ 000000018000c730     libucrt:nlsdata.obj
 0002:00001740       ??_C@_19EPFLPGAP@?$AAJ?$AAu?$AAn?$AAe?$AA?$AA@ 000000018000c740     libucrt:nlsdata.obj
 0002:00001750       ??_C@_19BIFMLPCD@?$AAJ?$AAu?$AAl?$AAy?$AA?$AA@ 000000018000c750     libucrt:nlsdata.obj
 0002:00001760       ??_C@_1O@PAHLKOAC@?$AAA?$AAu?$AAg?$AAu?$AAs?$AAt?$AA?$AA@ 000000018000c760     libucrt:nlsdata.obj
 0002:00001770       ??_C@_1BE@DKAAMBJL@?$AAS?$AAe?$AAp?$AAt?$AAe?$AAm?$AAb?$AAe?$AAr?$AA?$AA@ 000000018000c770     libucrt:nlsdata.obj
 0002:00001788       ??_C@_1BA@EPANDLNG@?$AAO?$AAc?$AAt?$AAo?$AAb?$AAe?$AAr?$AA?$AA@ 000000018000c788     libucrt:nlsdata.obj
 0002:00001798       ??_C@_1BC@BGLIFPF@?$AAN?$AAo?$AAv?$AAe?$AAm?$AAb?$AAe?$AAr?$AA?$AA@ 000000018000c798     libucrt:nlsdata.obj
 0002:000017b0       ??_C@_1BC@FEMKIFH@?$AAD?$AAe?$AAc?$AAe?$AAm?$AAb?$AAe?$AAr?$AA?$AA@ 000000018000c7b0     libucrt:nlsdata.obj
 0002:000017c4       ??_C@_15ODEHAHHF@?$AAA?$AAM?$AA?$AA@ 000000018000c7c4     libucrt:nlsdata.obj
 0002:000017cc       ??_C@_15CLMNNGEL@?$AAP?$AAM?$AA?$AA@ 000000018000c7cc     libucrt:nlsdata.obj
 0002:000017d8       ??_C@_1BC@IEBCMHCM@?$AAM?$AAM?$AA?1?$AAd?$AAd?$AA?1?$AAy?$AAy?$AA?$AA@ 000000018000c7d8     libucrt:nlsdata.obj
 0002:000017f0       ??_C@_1CI@KNAKOEBC@?$AAd?$AAd?$AAd?$AAd?$AA?0?$AA?5?$AAM?$AAM?$AAM?$AAM?$AA?5?$AAd?$AAd?$AA?0?$AA?5?$AAy?$AAy?$AAy?$AAy?$AA?$AA@ 000000018000c7f0     libucrt:nlsdata.obj
 0002:00001818       ??_C@_1BC@GDGBMEMK@?$AAH?$AAH?$AA?3?$AAm?$AAm?$AA?3?$AAs?$AAs?$AA?$AA@ 000000018000c818     libucrt:nlsdata.obj
 0002:00001830       ??_C@_1M@BMHNFIME@?$AAe?$AAn?$AA?9?$AAU?$AAS?$AA?$AA@ 000000018000c830     libucrt:nlsdata.obj
 0002:000018e0       ??_C@_1EG@CNNIPFIM@?$AAa?$AAp?$AAi?$AA?9?$AAm?$AAs?$AA?9?$AAw?$AAi?$AAn?$AA?9?$AAa?$AAp?$AAp?$AAm?$AAo?$AAd?$AAe?$AAl?$AA?9?$AAr?$AAu?$AAn?$AAt?$AAi?$AAm?$AAe?$AA?9?$AAl?$AA1?$AA?9?$AA1@ 000000018000c8e0     libucrt:winapi_thunks.obj
 0002:00001930       ??_C@_1EA@JGEFHKEI@?$AAa?$AAp?$AAi?$AA?9?$AAm?$AAs?$AA?9?$AAw?$AAi?$AAn?$AA?9?$AAc?$AAo?$AAr?$AAe?$AA?9?$AAd?$AAa?$AAt?$AAe?$AAt?$AAi?$AAm?$AAe?$AA?9?$AAl?$AA1?$AA?9?$AA1?$AA?9?$AA1?$AA?$AA@ 000000018000c930     libucrt:winapi_thunks.obj
 0002:00001970       ??_C@_1DI@GCIAAENM@?$AAa?$AAp?$AAi?$AA?9?$AAm?$AAs?$AA?9?$AAw?$AAi?$AAn?$AA?9?$AAc?$AAo?$AAr?$AAe?$AA?9?$AAf?$AAi?$AAl?$AAe?$AA?9?$AAl?$AA2?$AA?9?$AA1?$AA?9?$AA1?$AA?$AA@ 000000018000c970     libucrt:winapi_thunks.obj
 0002:000019b0       ??_C@_1EI@MPIAOHOC@?$AAa?$AAp?$AAi?$AA?9?$AAm?$AAs?$AA?9?$AAw?$AAi?$AAn?$AA?9?$AAc?$AAo?$AAr?$AAe?$AA?9?$AAl?$AAo?$AAc?$AAa?$AAl?$AAi?$AAz?$AAa?$AAt?$AAi?$AAo?$AAn?$AA?9?$AAl?$AA1?$AA?9@ 000000018000c9b0     libucrt:winapi_thunks.obj
 0002:00001a00       ??_C@_1FK@FPHCKFIE@?$AAa?$AAp?$AAi?$AA?9?$AAm?$AAs?$AA?9?$AAw?$AAi?$AAn?$AA?9?$AAc?$AAo?$AAr?$AAe?$AA?9?$AAl?$AAo?$AAc?$AAa?$AAl?$AAi?$AAz?$AAa?$AAt?$AAi?$AAo?$AAn?$AA?9?$AAo?$AAb?$AAs@ 000000018000ca00     libucrt:winapi_thunks.obj
 0002:00001a60       ??_C@_1EM@DILCGIIO@?$AAa?$AAp?$AAi?$AA?9?$AAm?$AAs?$AA?9?$AAw?$AAi?$AAn?$AA?9?$AAc?$AAo?$AAr?$AAe?$AA?9?$AAp?$AAr?$AAo?$AAc?$AAe?$AAs?$AAs?$AAt?$AAh?$AAr?$AAe?$AAa?$AAd?$AAs?$AA?9?$AAl@ 000000018000ca60     libucrt:winapi_thunks.obj
 0002:00001ab0       ??_C@_1DM@LNCGDDPN@?$AAa?$AAp?$AAi?$AA?9?$AAm?$AAs?$AA?9?$AAw?$AAi?$AAn?$AA?9?$AAc?$AAo?$AAr?$AAe?$AA?9?$AAs?$AAt?$AAr?$AAi?$AAn?$AAg?$AA?9?$AAl?$AA1?$AA?9?$AA1?$AA?9?$AA0?$AA?$AA@ 000000018000cab0     libucrt:winapi_thunks.obj
 0002:00001af0       ??_C@_1DO@FPAPJEMD@?$AAa?$AAp?$AAi?$AA?9?$AAm?$AAs?$AA?9?$AAw?$AAi?$AAn?$AA?9?$AAc?$AAo?$AAr?$AAe?$AA?9?$AAs?$AAy?$AAs?$AAi?$AAn?$AAf?$AAo?$AA?9?$AAl?$AA1?$AA?9?$AA2?$AA?9?$AA1?$AA?$AA@ 000000018000caf0     libucrt:winapi_thunks.obj
 0002:00001b30       ??_C@_1DK@NDHNAHIO@?$AAa?$AAp?$AAi?$AA?9?$AAm?$AAs?$AA?9?$AAw?$AAi?$AAn?$AA?9?$AAc?$AAo?$AAr?$AAe?$AA?9?$AAw?$AAi?$AAn?$AAr?$AAt?$AA?9?$AAl?$AA1?$AA?9?$AA1?$AA?9?$AA0?$AA?$AA@ 000000018000cb30     libucrt:winapi_thunks.obj
 0002:00001b70       ??_C@_1DM@KGHDGBCM@?$AAa?$AAp?$AAi?$AA?9?$AAm?$AAs?$AA?9?$AAw?$AAi?$AAn?$AA?9?$AAc?$AAo?$AAr?$AAe?$AA?9?$AAx?$AAs?$AAt?$AAa?$AAt?$AAe?$AA?9?$AAl?$AA2?$AA?9?$AA1?$AA?9?$AA0?$AA?$AA@ 000000018000cb70     libucrt:winapi_thunks.obj
 0002:00001bb0       ??_C@_1EO@IJIOEFOH@?$AAa?$AAp?$AAi?$AA?9?$AAm?$AAs?$AA?9?$AAw?$AAi?$AAn?$AA?9?$AAr?$AAt?$AAc?$AAo?$AAr?$AAe?$AA?9?$AAn?$AAt?$AAu?$AAs?$AAe?$AAr?$AA?9?$AAw?$AAi?$AAn?$AAd?$AAo?$AAw?$AA?9@ 000000018000cbb0     libucrt:winapi_thunks.obj
 0002:00001c00       ??_C@_1FG@HHGEKANL@?$AAa?$AAp?$AAi?$AA?9?$AAm?$AAs?$AA?9?$AAw?$AAi?$AAn?$AA?9?$AAs?$AAe?$AAc?$AAu?$AAr?$AAi?$AAt?$AAy?$AA?9?$AAs?$AAy?$AAs?$AAt?$AAe?$AAm?$AAf?$AAu?$AAn?$AAc?$AAt?$AAi@ 000000018000cc00     libucrt:winapi_thunks.obj
 0002:00001c60       ??_C@_1FG@NCKKOLKO@?$AAe?$AAx?$AAt?$AA?9?$AAm?$AAs?$AA?9?$AAw?$AAi?$AAn?$AA?9?$AAk?$AAe?$AAr?$AAn?$AAe?$AAl?$AA3?$AA2?$AA?9?$AAp?$AAa?$AAc?$AAk?$AAa?$AAg?$AAe?$AA?9?$AAc?$AAu?$AAr?$AAr@ 000000018000cc60     libucrt:winapi_thunks.obj
 0002:00001cc0       ??_C@_1EG@DBIOJECG@?$AAe?$AAx?$AAt?$AA?9?$AAm?$AAs?$AA?9?$AAw?$AAi?$AAn?$AA?9?$AAn?$AAt?$AAu?$AAs?$AAe?$AAr?$AA?9?$AAd?$AAi?$AAa?$AAl?$AAo?$AAg?$AAb?$AAo?$AAx?$AA?9?$AAl?$AA1?$AA?9?$AA1@ 000000018000ccc0     libucrt:winapi_thunks.obj
 0002:00001d10       ??_C@_1EO@FIHMJCLF@?$AAe?$AAx?$AAt?$AA?9?$AAm?$AAs?$AA?9?$AAw?$AAi?$AAn?$AA?9?$AAn?$AAt?$AAu?$AAs?$AAe?$AAr?$AA?9?$AAw?$AAi?$AAn?$AAd?$AAo?$AAw?$AAs?$AAt?$AAa?$AAt?$AAi?$AAo?$AAn?$AA?9@ 000000018000cd10     libucrt:winapi_thunks.obj
 0002:00001d60       ??_C@_1O@BCCLBEOE@?$AAu?$AAs?$AAe?$AAr?$AA3?$AA2?$AA?$AA@ 000000018000cd60     libucrt:winapi_thunks.obj
 0002:00001d98       ??_C@_0BE@JOGNEJCI@GetCurrentPackageId?$AA@ 000000018000cd98     libucrt:winapi_thunks.obj
 0002:00001dc0       ??_C@_0O@KKBNKAPF@LCMapStringEx?$AA@ 000000018000cdc0     libucrt:winapi_thunks.obj
 0002:00001dd8       ??_C@_0BB@HBDEELFH@LocaleNameToLCID?$AA@ 000000018000cdd8     libucrt:winapi_thunks.obj
 0002:00001e10       ??_C@_1M@HPNHIDJI@?$AAj?$AAa?$AA?9?$AAJ?$AAP?$AA?$AA@ 000000018000ce10     libucrt:mbctype.obj
 0002:00001e20       ??_C@_1M@BIBDDEMK@?$AAz?$AAh?$AA?9?$AAC?$AAN?$AA?$AA@ 000000018000ce20     libucrt:mbctype.obj
 0002:00001e30       ??_C@_1M@JLOOOEGK@?$AAk?$AAo?$AA?9?$AAK?$AAR?$AA?$AA@ 000000018000ce30     libucrt:mbctype.obj
 0002:00001e40       ??_C@_1M@CLNBBOPM@?$AAz?$AAh?$AA?9?$AAT?$AAW?$AA?$AA@ 000000018000ce40     libucrt:mbctype.obj
 0002:00001e50       __newctype                 000000018000ce50     libucrt:ctype.obj
 0002:00002150       __newclmap                 000000018000d150     libucrt:ctype.obj
 0002:000022d0       __newcumap                 000000018000d2d0     libucrt:ctype.obj
 0002:00002450       ??_C@_15PJPFLCCM@?$AAu?$AAk?$AA?$AA@ 000000018000d450     libucrt:get_qualified_locale.obj
 0002:000032a0       ??_C@_15EMKDOKLE@?$AAa?$AAr?$AA?$AA@ 000000018000e2a0     libucrt:lcidtoname_downlevel.obj
 0002:000032a8       ??_C@_15KNPADPLH@?$AAb?$AAg?$AA?$AA@ 000000018000e2a8     libucrt:lcidtoname_downlevel.obj
 0002:000032b0       ??_C@_15EDMHLDMO@?$AAc?$AAa?$AA?$AA@ 000000018000e2b0     libucrt:lcidtoname_downlevel.obj
 0002:000032b8       ??_C@_1O@BPEAJADD@?$AAz?$AAh?$AA?9?$AAC?$AAH?$AAS?$AA?$AA@ 000000018000e2b8     libucrt:lcidtoname_downlevel.obj
 0002:000032c8       ??_C@_15LJNHCMNK@?$AAc?$AAs?$AA?$AA@ 000000018000e2c8     libucrt:lcidtoname_downlevel.obj
 0002:000032d0       ??_C@_15FOMCIDHG@?$AAd?$AAa?$AA?$AA@ 000000018000e2d0     libucrt:lcidtoname_downlevel.obj
 0002:000032d8       ??_C@_15NBKABECB@?$AAd?$AAe?$AA?$AA@ 000000018000e2d8     libucrt:lcidtoname_downlevel.obj
 0002:000032e0       ??_C@_15GHPEIIAO@?$AAe?$AAl?$AA?$AA@ 000000018000e2e0     libucrt:lcidtoname_downlevel.obj
 0002:000032e8       ??_C@_15MNPNEAIF@?$AAe?$AAn?$AA?$AA@ 000000018000e2e8     libucrt:lcidtoname_downlevel.obj
 0002:000032f0       ??_C@_15GPIOMPMH@?$AAe?$AAs?$AA?$AA@ 000000018000e2f0     libucrt:lcidtoname_downlevel.obj
 0002:000032f8       ??_C@_15NGLOAKJC@?$AAf?$AAi?$AA?$AA@ 000000018000e2f8     libucrt:lcidtoname_downlevel.obj
 0002:00003300       ??_C@_15FBKGNKAM@?$AAf?$AAr?$AA?$AA@ 000000018000e300     libucrt:lcidtoname_downlevel.obj
 0002:00003308       ??_C@_15KGGCNEFK@?$AAh?$AAe?$AA?$AA@ 000000018000e308     libucrt:lcidtoname_downlevel.obj
 0002:00003310       ??_C@_15PGHLIDMF@?$AAh?$AAu?$AA?$AA@ 000000018000e310     libucrt:lcidtoname_downlevel.obj
 0002:00003318       ??_C@_15BIEMAPLM@?$AAi?$AAs?$AA?$AA@ 000000018000e318     libucrt:lcidtoname_downlevel.obj
 0002:00003320       ??_C@_15IFJLDHAF@?$AAi?$AAt?$AA?$AA@ 000000018000e320     libucrt:lcidtoname_downlevel.obj
 0002:00003328       ??_C@_15GEMIOCAG@?$AAj?$AAa?$AA?$AA@ 000000018000e328     libucrt:lcidtoname_downlevel.obj
 0002:00003330       ??_C@_15EPELEGJA@?$AAk?$AAo?$AA?$AA@ 000000018000e330     libucrt:lcidtoname_downlevel.obj
 0002:00003338       ??_C@_15NDDHIMN@?$AAn?$AAl?$AA?$AA@ 000000018000e338     libucrt:lcidtoname_downlevel.obj
 0002:00003340       ??_C@_15BPIGNHCD@?$AAn?$AAo?$AA?$AA@ 000000018000e340     libucrt:lcidtoname_downlevel.obj
 0002:00003348       ??_C@_15DEOPBLCG@?$AAp?$AAl?$AA?$AA@ 000000018000e348     libucrt:lcidtoname_downlevel.obj
 0002:00003350       ??_C@_15KBECGEFG@?$AAp?$AAt?$AA?$AA@ 000000018000e350     libucrt:lcidtoname_downlevel.obj
 0002:00003358       ??_C@_15GLJCBFMD@?$AAr?$AAo?$AA?$AA@ 000000018000e358     libucrt:lcidtoname_downlevel.obj
 0002:00003360       ??_C@_15FEDGKCDI@?$AAr?$AAu?$AA?$AA@ 000000018000e360     libucrt:lcidtoname_downlevel.obj
 0002:00003368       ??_C@_15GLKMLLHM@?$AAh?$AAr?$AA?$AA@ 000000018000e368     libucrt:lcidtoname_downlevel.obj
 0002:00003370       ??_C@_15CPKMFBDB@?$AAs?$AAk?$AA?$AA@ 000000018000e370     libucrt:lcidtoname_downlevel.obj
 0002:00003378       ??_C@_15BAAIOGMK@?$AAs?$AAq?$AA?$AA@ 000000018000e378     libucrt:lcidtoname_downlevel.obj
 0002:00003380       ??_C@_15INNPNOHD@?$AAs?$AAv?$AA?$AA@ 000000018000e380     libucrt:lcidtoname_downlevel.obj
 0002:00003388       ??_C@_15CABMMOGH@?$AAt?$AAh?$AA?$AA@ 000000018000e388     libucrt:lcidtoname_downlevel.obj
 0002:00003390       ??_C@_15BPLIHJJM@?$AAt?$AAr?$AA?$AA@ 000000018000e390     libucrt:lcidtoname_downlevel.obj
 0002:00003398       ??_C@_15NEOEKKDJ@?$AAu?$AAr?$AA?$AA@ 000000018000e398     libucrt:lcidtoname_downlevel.obj
 0002:000033a0       ??_C@_15NFICGAJK@?$AAi?$AAd?$AA?$AA@ 000000018000e3a0     libucrt:lcidtoname_downlevel.obj
 0002:000033a8       ??_C@_15HPJPHDM@?$AAb?$AAe?$AA?$AA@ 000000018000e3a8     libucrt:lcidtoname_downlevel.obj
 0002:000033b0       ??_C@_15LCHLGJII@?$AAs?$AAl?$AA?$AA@ 000000018000e3b0     libucrt:lcidtoname_downlevel.obj
 0002:000033b8       ??_C@_15PCFJPHHO@?$AAe?$AAt?$AA?$AA@ 000000018000e3b8     libucrt:lcidtoname_downlevel.obj
 0002:000033c0       ??_C@_15HPFPGODN@?$AAl?$AAv?$AA?$AA@ 000000018000e3c0     libucrt:lcidtoname_downlevel.obj
 0002:000033c8       ??_C@_15NFFGKGLG@?$AAl?$AAt?$AA?$AA@ 000000018000e3c8     libucrt:lcidtoname_downlevel.obj
 0002:000033d0       ??_C@_15BDAKCCHN@?$AAf?$AAa?$AA?$AA@ 000000018000e3d0     libucrt:lcidtoname_downlevel.obj
 0002:000033d8       ??_C@_15NFGIAIAJ@?$AAv?$AAi?$AA?$AA@ 000000018000e3d8     libucrt:lcidtoname_downlevel.obj
 0002:000033e0       ??_C@_15LMKNDMHN@?$AAh?$AAy?$AA?$AA@ 000000018000e3e0     libucrt:lcidtoname_downlevel.obj
 0002:000033e8       ??_C@_15IJBHMCFL@?$AAa?$AAz?$AA?$AA@ 000000018000e3e8     libucrt:lcidtoname_downlevel.obj
 0002:000033f0       ??_C@_15EKOFJABL@?$AAe?$AAu?$AA?$AA@ 000000018000e3f0     libucrt:lcidtoname_downlevel.obj
 0002:000033f8       ??_C@_15BGHADCNK@?$AAm?$AAk?$AA?$AA@ 000000018000e3f8     libucrt:lcidtoname_downlevel.obj
 0002:00003400       ??_C@_15JDNICKHM@?$AAa?$AAf?$AA?$AA@ 000000018000e400     libucrt:lcidtoname_downlevel.obj
 0002:00003408       ??_C@_15KPJEDBKD@?$AAk?$AAa?$AA?$AA@ 000000018000e408     libucrt:lcidtoname_downlevel.obj
 0002:00003410       ??_C@_15PDNFFFEO@?$AAf?$AAo?$AA?$AA@ 000000018000e410     libucrt:lcidtoname_downlevel.obj
 0002:00003418       ??_C@_15OMLEGLOC@?$AAh?$AAi?$AA?$AA@ 000000018000e418     libucrt:lcidtoname_downlevel.obj
 0002:00003420       ??_C@_15IDNNENKK@?$AAm?$AAs?$AA?$AA@ 000000018000e420     libucrt:lcidtoname_downlevel.obj
 0002:00003428       ??_C@_15MACJNBMH@?$AAk?$AAk?$AA?$AA@ 000000018000e428     libucrt:lcidtoname_downlevel.obj
 0002:00003430       ??_C@_15DKDJEOND@?$AAk?$AAy?$AA?$AA@ 000000018000e430     libucrt:lcidtoname_downlevel.obj
 0002:00003438       ??_C@_15DFGDLJBG@?$AAs?$AAw?$AA?$AA@ 000000018000e438     libucrt:lcidtoname_downlevel.obj
 0002:00003440       ??_C@_15BBFAICNG@?$AAu?$AAz?$AA?$AA@ 000000018000e440     libucrt:lcidtoname_downlevel.obj
 0002:00003448       ??_C@_15DKNDCGEA@?$AAt?$AAt?$AA?$AA@ 000000018000e448     libucrt:lcidtoname_downlevel.obj
 0002:00003450       ??_C@_15MGIFMDPL@?$AAp?$AAa?$AA?$AA@ 000000018000e450     libucrt:lcidtoname_downlevel.obj
 0002:00003458       ??_C@_15HCNDBBA@?$AAg?$AAu?$AA?$AA@ 000000018000e458     libucrt:lcidtoname_downlevel.obj
 0002:00003460       ??_C@_15FNBEIBON@?$AAt?$AAa?$AA?$AA@ 000000018000e460     libucrt:lcidtoname_downlevel.obj
 0002:00003468       ??_C@_15NCHGBGLK@?$AAt?$AAe?$AA?$AA@ 000000018000e468     libucrt:lcidtoname_downlevel.obj
 0002:00003470       ??_C@_15PHPHCBPF@?$AAk?$AAn?$AA?$AA@ 000000018000e470     libucrt:lcidtoname_downlevel.obj
 0002:00003478       ??_C@_15DLGBCKMP@?$AAm?$AAr?$AA?$AA@ 000000018000e478     libucrt:lcidtoname_downlevel.obj
 0002:00003480       ??_C@_15EABBLBFF@?$AAs?$AAa?$AA?$AA@ 000000018000e480     libucrt:lcidtoname_downlevel.obj
 0002:00003488       ??_C@_15CBKOMCOI@?$AAm?$AAn?$AA?$AA@ 000000018000e488     libucrt:lcidtoname_downlevel.obj
 0002:00003490       ??_C@_15CKDMCJAF@?$AAg?$AAl?$AA?$AA@ 000000018000e490     libucrt:lcidtoname_downlevel.obj
 0002:00003498       ??_C@_17CNJFBPG@?$AAk?$AAo?$AAk?$AA?$AA@ 000000018000e498     libucrt:lcidtoname_downlevel.obj
 0002:000034a0       ??_C@_17FFBJICPL@?$AAs?$AAy?$AAr?$AA?$AA@ 000000018000e4a0     libucrt:lcidtoname_downlevel.obj
 0002:000034a8       ??_C@_17KPNDCPAF@?$AAd?$AAi?$AAv?$AA?$AA@ 000000018000e4a8     libucrt:lcidtoname_downlevel.obj
 0002:000034b0       ??_C@_1M@OKAHONE@?$AAa?$AAr?$AA?9?$AAS?$AAA?$AA?$AA@ 000000018000e4b0     libucrt:lcidtoname_downlevel.obj
 0002:000034c0       ??_C@_1M@FFFIGIGK@?$AAb?$AAg?$AA?9?$AAB?$AAG?$AA?$AA@ 000000018000e4c0     libucrt:lcidtoname_downlevel.obj
 0002:000034d0       ??_C@_1M@BJNKEDC@?$AAc?$AAa?$AA?9?$AAE?$AAS?$AA?$AA@ 000000018000e4d0     libucrt:lcidtoname_downlevel.obj
 0002:000034e0       ??_C@_1M@IJJHFJHA@?$AAc?$AAs?$AA?9?$AAC?$AAZ?$AA?$AA@ 000000018000e4e0     libucrt:lcidtoname_downlevel.obj
 0002:000034f0       ??_C@_1M@CLPEOBGI@?$AAd?$AAa?$AA?9?$AAD?$AAK?$AA?$AA@ 000000018000e4f0     libucrt:lcidtoname_downlevel.obj
 0002:00003500       ??_C@_1M@MCMADGCB@?$AAd?$AAe?$AA?9?$AAD?$AAE?$AA?$AA@ 000000018000e500     libucrt:lcidtoname_downlevel.obj
 0002:00003510       ??_C@_1M@OOCKEMAM@?$AAe?$AAl?$AA?9?$AAG?$AAR?$AA?$AA@ 000000018000e510     libucrt:lcidtoname_downlevel.obj
 0002:00003520       ??_C@_1M@DDNJFGID@?$AAf?$AAi?$AA?9?$AAF?$AAI?$AA?$AA@ 000000018000e520     libucrt:lcidtoname_downlevel.obj
 0002:00003530       ??_C@_1M@GLIPPMAC@?$AAf?$AAr?$AA?9?$AAF?$AAR?$AA?$AA@ 000000018000e530     libucrt:lcidtoname_downlevel.obj
 0002:00003540       ??_C@_1M@GFMCHPE@?$AAh?$AAe?$AA?9?$AAI?$AAL?$AA?$AA@ 000000018000e540     libucrt:lcidtoname_downlevel.obj
 0002:00003550       ??_C@_1M@MHLPGNKM@?$AAh?$AAu?$AA?9?$AAH?$AAU?$AA?$AA@ 000000018000e550     libucrt:lcidtoname_downlevel.obj
 0002:00003560       ??_C@_1M@LPDDNNPN@?$AAi?$AAs?$AA?9?$AAI?$AAS?$AA?$AA@ 000000018000e560     libucrt:lcidtoname_downlevel.obj
 0002:00003570       ??_C@_1M@MADIPODN@?$AAi?$AAt?$AA?9?$AAI?$AAT?$AA?$AA@ 000000018000e570     libucrt:lcidtoname_downlevel.obj
 0002:00003580       ??_C@_1M@IHBJJGG@?$AAn?$AAl?$AA?9?$AAN?$AAL?$AA?$AA@ 000000018000e580     libucrt:lcidtoname_downlevel.obj
 0002:00003590       ??_C@_1M@EANAGDL@?$AAn?$AAb?$AA?9?$AAN?$AAO?$AA?$AA@ 000000018000e590     libucrt:lcidtoname_downlevel.obj
 0002:000035a0       ??_C@_1M@NEIEMEGP@?$AAp?$AAl?$AA?9?$AAP?$AAL?$AA?$AA@ 000000018000e5a0     libucrt:lcidtoname_downlevel.obj
 0002:000035b0       ??_C@_1M@BOCFIGEP@?$AAp?$AAt?$AA?9?$AAB?$AAR?$AA?$AA@ 000000018000e5b0     libucrt:lcidtoname_downlevel.obj
 0002:000035c0       ??_C@_1M@IMPFOPBG@?$AAr?$AAo?$AA?9?$AAR?$AAO?$AA?$AA@ 000000018000e5c0     libucrt:lcidtoname_downlevel.obj
 0002:000035d0       ??_C@_1M@IDNNEJMM@?$AAr?$AAu?$AA?9?$AAR?$AAU?$AA?$AA@ 000000018000e5d0     libucrt:lcidtoname_downlevel.obj
 0002:000035e0       ??_C@_1M@LILEEOGM@?$AAh?$AAr?$AA?9?$AAH?$AAR?$AA?$AA@ 000000018000e5e0     libucrt:lcidtoname_downlevel.obj
 0002:000035f0       ??_C@_1M@FKIFEHPB@?$AAs?$AAk?$AA?9?$AAS?$AAK?$AA?$AA@ 000000018000e5f0     libucrt:lcidtoname_downlevel.obj
 0002:00003600       ??_C@_1M@LJMAMNPJ@?$AAs?$AAq?$AA?9?$AAA?$AAL?$AA?$AA@ 000000018000e600     libucrt:lcidtoname_downlevel.obj
 0002:00003610       ??_C@_1M@GIAKDKJK@?$AAs?$AAv?$AA?9?$AAS?$AAE?$AA?$AA@ 000000018000e610     libucrt:lcidtoname_downlevel.obj
 0002:00003620       ??_C@_1M@MKJKIKCL@?$AAt?$AAh?$AA?9?$AAT?$AAH?$AA?$AA@ 000000018000e620     libucrt:lcidtoname_downlevel.obj
 0002:00003630       ??_C@_1M@MFLCCMPB@?$AAt?$AAr?$AA?9?$AAT?$AAR?$AA?$AA@ 000000018000e630     libucrt:lcidtoname_downlevel.obj
 0002:00003640       ??_C@_1M@OIJHDKJN@?$AAu?$AAr?$AA?9?$AAP?$AAK?$AA?$AA@ 000000018000e640     libucrt:lcidtoname_downlevel.obj
[...]
 0004:00000660       $pdata$__acrt_FlsGetValue  0000000180016660     libucrt:winapi_thunks.obj
 0004:0000066c       $pdata$__acrt_FlsSetValue  000000018001666c     libucrt:winapi_thunks.obj
 0004:00000678       $pdata$__acrt_InitializeCriticalSectionEx 0000000180016678     libucrt:winapi_thunks.obj
 0004:00000684       $pdata$__acrt_LCMapStringEx 0000000180016684     libucrt:winapi_thunks.obj
 0004:00000690       $pdata$__acrt_LocaleNameToLCID 0000000180016690     libucrt:winapi_thunks.obj
 0004:0000069c       $pdata$__acrt_initialize_winapi_thunks 000000018001669c     libucrt:winapi_thunks.obj
 0004:000006a8       $pdata$__acrt_is_packaged_app 00000001800166a8     libucrt:winapi_thunks.obj
 0004:000006b4       $pdata$__acrt_uninitialize_winapi_thunks 00000001800166b4     libucrt:winapi_thunks.obj
 0004:000006c0       $pdata$??$?RV<lambda_99476a1ad63dd22509b5d3e65b0ffc95>@@AEAV<lambda_ad1ced32f4ac17aa236e5ef05d6b3b7c>@@V<lambda_f7424dd8d45958661754dc4f2697e9c3>@@@?$__crt_seh_guarded_call@X@@QEAAX$$QEAV<lambda_99476a1ad63dd22509b5d3e65b0ffc95>@@AEAV<lambda_ad1ced32f4ac17aa236e5ef05d6b3b7c>@@$$QEAV<lambda_f7424dd8d45958661754dc4f2697e9c3>@@@Z 00000001800166c0     libucrt:mbctype.obj
 0004:000006cc       $pdata$??R<lambda_ad1ced32f4ac17aa236e5ef05d6b3b7c>@@QEBAXXZ 00000001800166cc     libucrt:mbctype.obj
 0004:000006d8       $pdata$?getSystemCP@@YAHH@Z 00000001800166d8     libucrt:mbctype.obj
 0004:000006e4       $pdata$?setSBCS@@YAXPEAU__crt_multibyte_data@@@Z 00000001800166e4     libucrt:mbctype.obj
 0004:000006f0       $pdata$?setSBUpLow@@YAXPEAU__crt_multibyte_data@@@Z 00000001800166f0     libucrt:mbctype.obj
 0004:000006fc       $pdata$?setmbcp_internal@@YAHH_N@Z 00000001800166fc     libucrt:mbctype.obj
 0004:00000708       $pdata$__acrt_initialize_multibyte 0000000180016708     libucrt:mbctype.obj
 0004:00000714       $pdata$__acrt_update_thread_multibyte_data 0000000180016714     libucrt:mbctype.obj
 0004:00000720       $pdata$_setmbcp_nolock     0000000180016720     libucrt:mbctype.obj
 0004:0000072c       $pdata$__dcrt_get_narrow_environment_from_os 000000018001672c     libucrt:get_environment_from_os.obj
 0004:00000738       $pdata$_recalloc_base      0000000180016738     libucrt:recalloc.obj
 0004:00000744       $pdata$__acrt_initialize_heap 0000000180016744     libucrt:heap_handle.obj
 0004:00000750       $pdata$?initialize_inherited_file_handles_nolock@@YAXXZ 0000000180016750     libucrt:ioinit.obj
 0004:0000075c       $pdata$?initialize_stdio_handles_nolock@@YAXXZ 000000018001675c     libucrt:ioinit.obj
 0004:00000768       $pdata$__acrt_initialize_lowio 0000000180016768     libucrt:ioinit.obj
 0004:00000774       $pdata$__acrt_uninitialize_lowio 0000000180016774     libucrt:ioinit.obj
 0004:00000780       $pdata$__acrt_initialize_command_line 0000000180016780     libucrt:argv_data.obj
 0004:0000078c       $pdata$__acrt_execute_initializers 000000018001678c     libucrt:shared_initialization.obj
 0004:00000798       $pdata$__acrt_execute_uninitializers 0000000180016798     libucrt:shared_initialization.obj
 0004:000007a4       $pdata$_callnewh           00000001800167a4     libucrt:new_handler.obj
 0004:000007b0       $pdata$_query_new_handler  00000001800167b0     libucrt:new_handler.obj
 0004:000007bc       $pdata$??$?RV<lambda_c36588078e9f5dfd39652860aa6b3aaf>@@AEAV<lambda_ec61778202f4f5fc7e7711acc23c3bca>@@V<lambda_dc9d2797ccde5d239b4a0efae8ebd7db>@@@?$__crt_seh_guarded_call@P6AXH@Z@@QEAAP6AXH@Z$$QEAV<lambda_c36588078e9f5dfd39652860aa6b3aaf>@@AEAV<lambda_ec61778202f4f5fc7e7711acc23c3bca>@@$$QEAV<lambda_dc9d2797ccde5d239b4a0efae8ebd7db>@@@Z 00000001800167bc     libucrt:signal.obj
 0004:000007c8       $pdata$__acrt_get_sigabrt_handler 00000001800167c8     libucrt:signal.obj
 0004:000007d4       $pdata$raise               00000001800167d4     libucrt:signal.obj
 0004:000007e0       $pdata$__acrt_invoke_user_matherr 00000001800167e0     libucrt:matherr.obj
 0004:000007ec       $pdata$_mbtowc_l           00000001800167ec     libucrt:mbtowc.obj
 0004:000007f8       $pdata$_fileno             00000001800167f8     libucrt:fileno.obj
 0004:00000804       $pdata$__acrt_initialize_stdio 0000000180016804     libucrt:_file.obj
 0004:00000810       $pdata$__acrt_uninitialize_stdio 0000000180016810     libucrt:_file.obj
 0004:0000081c       $pdata$__pctype_func       000000018001681c     libucrt:ctype.obj
 0004:00000828       $pdata$_isctype_l          0000000180016828     libucrt:isctype.obj
 0004:00000834       $pdata$_isleadbyte_l       0000000180016834     libucrt:_wctype.obj
 0004:00000840       $pdata$?__acrt_LCMapStringA_stat@@YAHPEAU__crt_locale_pointers@@PEB_WKPEBDHPEADHHH@Z 0000000180016840     libucrt:lcmapstringa.obj
 0004:0000084c       $pdata$__acrt_LCMapStringA 000000018001684c     libucrt:lcmapstringa.obj
 0004:00000858       $pdata$__acrt_free_locale  0000000180016858     libucrt:locale_refcounting.obj
 0004:00000864       $pdata$__acrt_locale_free_lc_time_if_unreferenced 0000000180016864     libucrt:locale_refcounting.obj
 0004:00000870       $pdata$__acrt_release_locale_ref 0000000180016870     libucrt:locale_refcounting.obj
 0004:0000087c       $pdata$__acrt_update_thread_locale_data 000000018001687c     libucrt:locale_refcounting.obj
 0004:00000888       $pdata$_updatetlocinfoEx_nolock 0000000180016888     libucrt:locale_refcounting.obj
 0004:00000894       $pdata$__acrt_locale_free_monetary 0000000180016894     libucrt:initmon.obj
 0004:000008a0       $pdata$__acrt_locale_free_numeric 00000001800168a0     libucrt:initnum.obj
 0004:000008ac       $pdata$?free_crt_array_internal@@YAXQEAPEBX_K@Z 00000001800168ac     libucrt:inittime.obj
 0004:000008b8       $pdata$__acrt_locale_free_time 00000001800168b8     libucrt:inittime.obj
 0004:000008c4       $pdata$__acrt_GetStringTypeA 00000001800168c4     libucrt:getstringtypea.obj
 0004:000008d0       $pdata$?GetTableIndexFromLocaleName@@YAHPEB_W@Z 00000001800168d0     libucrt:lcidtoname_downlevel.obj
 0004:000008dc       $pdata$__acrt_DownlevelLocaleNameToLCID 00000001800168dc     libucrt:lcidtoname_downlevel.obj
 0004:000008e8       $pdata$?initialize_multibyte@@YAHXZ 00000001800168e8     libucrt:multibyte_initializer.obj
 0004:000008f4       $pdata$_msize              00000001800168f4     libucrt:msize.obj
 0004:00000900       $pdata$_realloc_base       0000000180016900     libucrt:realloc_base.obj
 0004:0000090c       $pdata$__acrt_lowio_create_handle_array 000000018001690c     libucrt:osfinfo.obj
 0004:00000918       $pdata$__acrt_lowio_destroy_handle_array 0000000180016918     libucrt:osfinfo.obj
 0004:00000924       $pdata$__acrt_lowio_ensure_fh_exists 0000000180016924     libucrt:osfinfo.obj
 0004:00000930       $pdata$_free_osfhnd        0000000180016930     libucrt:osfinfo.obj
 0004:0000093c       $pdata$_get_osfhandle      000000018001693c     libucrt:osfinfo.obj
 0004:00000948       $pdata$_isatty             0000000180016948     libucrt:isatty.obj
 0004:00000954       $pdata$__acrt_stdio_flush_nolock 0000000180016954     libucrt:fflush.obj
 0004:00000960       $pdata$_fflush_nolock      0000000180016960     libucrt:fflush.obj
 0004:0000096c       $pdata$common_flush_all    000000018001696c     libucrt:fflush.obj
 0004:00000978       $pdata$_fcloseall          0000000180016978     libucrt:closeall.obj
 0004:00000984       $pdata$__acrt_stdio_free_buffer_nolock 0000000180016984     libucrt:_freebuf.obj
 0004:00000990       $pdata$??$?RV<lambda_b521505b218e5242e90febf6bfebc422>@@AEAV<lambda_6978c1fb23f02e42e1d9e99668cc68aa>@@V<lambda_314360699dd331753a4119843814e9a7>@@@?$__crt_seh_guarded_call@H@@QEAAH$$QEAV<lambda_b521505b218e5242e90febf6bfebc422>@@AEAV<lambda_6978c1fb23f02e42e1d9e99668cc68aa>@@$$QEAV<lambda_314360699dd331753a4119843814e9a7>@@@Z 0000000180016990     libucrt:commit.obj
 0004:0000099c       $pdata$_commit             000000018001699c     libucrt:commit.obj
 0004:000009a8       $pdata$?write_double_translated_ansi_nolock@@YA?AUwrite_result@?A0x9c548279@@HQEBDI@Z 00000001800169a8     libucrt:write.obj
 0004:000009b4       $pdata$?write_text_ansi_nolock@@YA?AUwrite_result@?A0x9c548279@@HQEBDI@Z 00000001800169b4     libucrt:write.obj
 0004:000009c0       $pdata$?write_text_utf16le_nolock@@YA?AUwrite_result@?A0x9c548279@@HQEBDI@Z 00000001800169c0     libucrt:write.obj
 0004:000009cc       $pdata$?write_text_utf8_nolock@@YA?AUwrite_result@?A0x9c548279@@HQEBDI@Z 00000001800169cc     libucrt:write.obj
 0004:000009d8       $pdata$_write              00000001800169d8     libucrt:write.obj
 0004:000009e4       $pdata$_write_nolock       00000001800169e4     libucrt:write.obj
 0004:000009fc       $pdata$??$common_lseek_nolock@_J@@YA_JH_JH@Z 00000001800169fc     libucrt:lseek.obj
 0004:00000a08       $pdata$_fclose_nolock      0000000180016a08     libucrt:fclose.obj
 0004:00000a14       $pdata$fclose              0000000180016a14     libucrt:fclose.obj
 0004:00000a20       $pdata$_putwch_nolock      0000000180016a20     libucrt:putwch.obj
 0004:00000a2c       $pdata$_call_matherr       0000000180016a2c     libucrt:libm_error.obj
 0004:00000a38       $pdata$_exception_enabled  0000000180016a38     libucrt:libm_error.obj
 0004:00000a44       $pdata$_handle_error       0000000180016a44     libucrt:libm_error.obj
 0004:00000a50       $pdata$__acrt_initialize_fma3 0000000180016a50     libucrt:fma3_available.obj
 0004:00000a5c       $pdata$_log10_special      0000000180016a5c     libucrt:log_special.obj
 0004:00000a68       $pdata$_log_special_common 0000000180016a68     libucrt:log_special.obj
 0004:00000a74       $pdata$??$?RV<lambda_bfedae4ebbf01fab1bb6dcc6a9e276e0>@@AEAV<lambda_2fe9b910cf3cbf4a0ab98a02ba45b3ec>@@V<lambda_237c231691f317818eb88cc1d5d642d6>@@@?$__crt_seh_guarded_call@H@@QEAAH$$QEAV<lambda_bfedae4ebbf01fab1bb6dcc6a9e276e0>@@AEAV<lambda_2fe9b910cf3cbf4a0ab98a02ba45b3ec>@@$$QEAV<lambda_237c231691f317818eb88cc1d5d642d6>@@@Z 0000000180016a74     libucrt:close.obj
 0004:00000a80       $pdata$_close              0000000180016a80     libucrt:close.obj
 0004:00000a8c       $pdata$_close_nolock       0000000180016a8c     libucrt:close.obj
 0004:00000a98       $pdata$__dcrt_lowio_initialize_console_output 0000000180016a98     libucrt:initcon.obj
 0004:00000aa4       $pdata$__dcrt_terminate_console_output 0000000180016aa4     libucrt:initcon.obj
 0004:00000abc       $pdata$_raise_exc          0000000180016abc     libucrt:fpexcept.obj
 0004:00000ac8       $pdata$_raise_exc_ex       0000000180016ac8     libucrt:fpexcept.obj
 0004:00000ad4       $pdata$_set_errno_from_matherr 0000000180016ad4     libucrt:fpexcept.obj
 0004:00000ae0       $pdata$_clrfp              0000000180016ae0     libucrt:fpctrl.obj
 0004:00000aec       $pdata$_ctrlfp             0000000180016aec     libucrt:fpctrl.obj
 0004:00000af8       $pdata$_set_statfp         0000000180016af8     libucrt:fpctrl.obj
 0004:00000b04       $pdata$_statfp             0000000180016b04     libucrt:fpctrl.obj
 0004:00000b10       $pdata$?DloadAcquireSectionWriteAccess@@YAXXZ 0000000180016b10     DelayImp:delayhlp.obj
 0004:00000b1c       $pdata$?DloadGetSRWLockFunctionPointers@@YAEXZ 0000000180016b1c     DelayImp:delayhlp.obj
 0004:00000b28       $pdata$?DloadMakePermanentImageCommit@@YAXPEAX_K@Z 0000000180016b28     DelayImp:delayhlp.obj
 0004:00000b34       $pdata$?DloadObtainSection@@YAPEAXPEAK0@Z 0000000180016b34     DelayImp:delayhlp.obj
 0004:00000b40       $pdata$?DloadProtectSection@@YAXKPEAK@Z 0000000180016b40     DelayImp:delayhlp.obj
 0004:00000b4c       $pdata$?DloadReleaseSectionWriteAccess@@YAXXZ 0000000180016b4c     DelayImp:delayhlp.obj
 0004:00000b58       $pdata$__delayLoadHelper2  0000000180016b58     DelayImp:delayhlp.obj
 0004:00000b64       $pdata$__GSHandlerCheck    0000000180016b64     LIBCMT:_gshandler_.obj
 0004:00000b70       $pdata$__GSHandlerCheckCommon 0000000180016b70     LIBCMT:_gshandler_.obj
 0004:00000b7c       $pdata$_IsNonwritableInCurrentImage 0000000180016b7c     LIBCMT:pesect.obj
 0004:00000bb8       $pdata$?fin$0@?0??dllmain_crt_process_attach@@YAHQEAUHINSTANCE__@@QEAX@Z@4HA 0000000180016bb8     LIBCMT:dll_dllmain.obj
 0004:00000bc4       $pdata$?fin$0@?0??dllmain_crt_process_detach@@YAH_N@Z@4HA 0000000180016bc4     LIBCMT:dll_dllmain.obj
 0004:00000bd0       $pdata$?filt$0@?0??dllmain_dispatch@@YAHQEAUHINSTANCE__@@KQEAX@Z@4HA 0000000180016bd0     LIBCMT:dll_dllmain.obj
 0004:00000bdc       $pdata$__scrt_is_nonwritable_in_current_image$filt$0 0000000180016bdc     LIBCMT:utility.obj
 0004:00000be8       $pdata$?filt$0@?0??common_exit@@YAXHW4_crt_exit_cleanup_mode@@W4_crt_exit_return_mode@@@Z@4HA 0000000180016be8     libucrt:exit.obj
 0004:00000bf4       $pdata$?fin$1@?0??common_exit@@YAXHW4_crt_exit_cleanup_mode@@W4_crt_exit_return_mode@@@Z@4HA 0000000180016bf4     libucrt:exit.obj
 0004:00000c00       $pdata$?fin$0@?0???$?RV<lambda_e24bbb7b643b32fcea6fa61b31d4c984>@@AEAV<lambda_275893d493268fdec8709772e3fcec0e>@@V<lambda_9d71df4d7cf3f480f8d633942495c3b0>@@@?$__crt_seh_guarded_call@H@@QEAAH$$QEAV<lambda_e24bbb7b643b32fcea6fa61b31d4c984>@@AEAV<lambda_275893d493268fdec8709772e3fcec0e>@@$$QEAV<lambda_9d71df4d7cf3f480f8d633942495c3b0>@@@Z@4HA 0000000180016c00     libucrt:onexit.obj
 0004:00000c0c       $pdata$?fin$0@?0???$?RV<lambda_46352004c1216016012b18bd6f87e700>@@AEAV<lambda_3bd07e1a1191394380780325891bf33f>@@V<lambda_334532d3f185bcaa59b5be82d7d22bff>@@@?$__crt_seh_guarded_call@X@@QEAAX$$QEAV<lambda_46352004c1216016012b18bd6f87e700>@@AEAV<lambda_3bd07e1a1191394380780325891bf33f>@@$$QEAV<lambda_334532d3f185bcaa59b5be82d7d22bff>@@@Z@4HA 0000000180016c0c     libucrt:per_thread_data.obj
 0004:00000c0c       $pdata$?fin$0@?0???$?RV<lambda_99476a1ad63dd22509b5d3e65b0ffc95>@@AEAV<lambda_ad1ced32f4ac17aa236e5ef05d6b3b7c>@@V<lambda_f7424dd8d45958661754dc4f2697e9c3>@@@?$__crt_seh_guarded_call@X@@QEAAX$$QEAV<lambda_99476a1ad63dd22509b5d3e65b0ffc95>@@AEAV<lambda_ad1ced32f4ac17aa236e5ef05d6b3b7c>@@$$QEAV<lambda_f7424dd8d45958661754dc4f2697e9c3>@@@Z@4HA 0000000180016c0c     libucrt:mbctype.obj
 0004:00000c0c       $pdata$?fin$0@?0???$?RV<lambda_c36588078e9f5dfd39652860aa6b3aaf>@@AEAV<lambda_ec61778202f4f5fc7e7711acc23c3bca>@@V<lambda_dc9d2797ccde5d239b4a0efae8ebd7db>@@@?$__crt_seh_guarded_call@P6AXH@Z@@QEAAP6AXH@Z$$QEAV<lambda_c36588078e9f5dfd39652860aa6b3aaf>@@AEAV<lambda_ec61778202f4f5fc7e7711acc23c3bca>@@$$QEAV<lambda_dc9d2797ccde5d239b4a0efae8ebd7db>@@@Z@4HA 0000000180016c0c     libucrt:signal.obj
 0004:00000c0c       $pdata$?fin$0@?0???$?RV<lambda_fb3a7dec4e47f37f22dae91bb15c9095>@@AEAV<lambda_698284760c8add0bfb0756c19673e34b>@@V<lambda_dfb8eca1e75fef3034a8fb18dd509707>@@@?$__crt_seh_guarded_call@X@@QEAAX$$QEAV<lambda_fb3a7dec4e47f37f22dae91bb15c9095>@@AEAV<lambda_698284760c8add0bfb0756c19673e34b>@@$$QEAV<lambda_dfb8eca1e75fef3034a8fb18dd509707>@@@Z@4HA 0000000180016c0c     libucrt:per_thread_data.obj
 0004:00000c0c       $pdata$?fin$0@?0???$?RV<lambda_b8c45f8f788dd370798f47cfe8ac3a86>@@AEAV<lambda_4e60a939b0d047cfe11ddc22648dfba9>@@V<lambda_332c3edc96d0294ec56c57d38c1cdfd5>@@@?$__crt_seh_guarded_call@H@@QEAAH$$QEAV<lambda_b8c45f8f788dd370798f47cfe8ac3a86>@@AEAV<lambda_4e60a939b0d047cfe11ddc22648dfba9>@@$$QEAV<lambda_332c3edc96d0294ec56c57d38c1cdfd5>@@@Z@4HA 0000000180016c0c     libucrt:onexit.obj
 0004:00000c0c       $pdata$?fin$0@?0???$?RV<lambda_72d1df2b273a38828b1ce30cbf4cdab5>@@AEAV<lambda_876a65b173b8412d3a47c70a915b0cf4>@@V<lambda_41932305e351933ebe8f8be3ed8bb5dc>@@@?$__crt_seh_guarded_call@X@@QEAAX$$QEAV<lambda_72d1df2b273a38828b1ce30cbf4cdab5>@@AEAV<lambda_876a65b173b8412d3a47c70a915b0cf4>@@$$QEAV<lambda_41932305e351933ebe8f8be3ed8bb5dc>@@@Z@4HA 0000000180016c0c     libucrt:per_thread_data.obj
 0004:00000c0c       $pdata$?fin$0@?0???$?RV<lambda_5e887d1dcbef67a5eb4283622ba103bf>@@AEAV<lambda_4466841279450cc726390878d4a41900>@@V<lambda_341c25c0346d94847f1f3c463c57e077>@@@?$__crt_seh_guarded_call@X@@QEAAX$$QEAV<lambda_5e887d1dcbef67a5eb4283622ba103bf>@@AEAV<lambda_4466841279450cc726390878d4a41900>@@$$QEAV<lambda_341c25c0346d94847f1f3c463c57e077>@@@Z@4HA 0000000180016c0c     libucrt:per_thread_data.obj
 0004:00000c18       $pdata$__acrt_update_thread_multibyte_data$fin$0 0000000180016c18     libucrt:mbctype.obj
 0004:00000c24       $pdata$__acrt_initialize_lowio$fin$0 0000000180016c24     libucrt:ioinit.obj
 0004:00000c24       $pdata$__acrt_lowio_ensure_fh_exists$fin$0 0000000180016c24     libucrt:osfinfo.obj
 0004:00000c30       $pdata$_query_new_handler$fin$0 0000000180016c30     libucrt:new_handler.obj
 0004:00000c3c       $pdata$raise$fin$0         0000000180016c3c     libucrt:signal.obj
 0004:00000c48       $pdata$__acrt_uninitialize_locale$fin$0 0000000180016c48     libucrt:wsetlocale.obj
 0004:00000c48       $pdata$__acrt_update_thread_locale_data$fin$0 0000000180016c48     libucrt:locale_refcounting.obj
 0004:00000c54       $pdata$common_flush_all$fin$0 0000000180016c54     libucrt:fflush.obj
 0004:00000c60       $pdata$common_flush_all$fin$1 0000000180016c60     libucrt:fflush.obj
 0004:00000c6c       $pdata$_fcloseall$fin$0    0000000180016c6c     libucrt:closeall.obj
 0004:00000c78       $pdata$_write$fin$0        0000000180016c78     libucrt:write.obj
 0004:00000c84       $pdata$fclose$fin$0        0000000180016c84     libucrt:fclose.obj
 0004:00000c90       $pdata$?fin$0@?0???$?RV<lambda_b521505b218e5242e90febf6bfebc422>@@AEAV<lambda_6978c1fb23f02e42e1d9e99668cc68aa>@@V<lambda_314360699dd331753a4119843814e9a7>@@@?$__crt_seh_guarded_call@H@@QEAAH$$QEAV<lambda_b521505b218e5242e90febf6bfebc422>@@AEAV<lambda_6978c1fb23f02e42e1d9e99668cc68aa>@@$$QEAV<lambda_314360699dd331753a4119843814e9a7>@@@Z@4HA 0000000180016c90     libucrt:commit.obj
 0004:00000c90       $pdata$?fin$0@?0???$?RV<lambda_bfedae4ebbf01fab1bb6dcc6a9e276e0>@@AEAV<lambda_2fe9b910cf3cbf4a0ab98a02ba45b3ec>@@V<lambda_237c231691f317818eb88cc1d5d642d6>@@@?$__crt_seh_guarded_call@H@@QEAAH$$QEAV<lambda_bfedae4ebbf01fab1bb6dcc6a9e276e0>@@AEAV<lambda_2fe9b910cf3cbf4a0ab98a02ba45b3ec>@@$$QEAV<lambda_237c231691f317818eb88cc1d5d642d6>@@@Z@4HA 0000000180016c90     libucrt:close.obj
 0004:00000c9c       $pdata$_ctrlfp$filt$0      0000000180016c9c     libucrt:fpctrl.obj
 0004:00000ca8       $pdata$_IsNonwritableInCurrentImage$filt$0 0000000180016ca8     LIBCMT:pesect.obj
 0005:00000000       __guard_fids__             0000000180017000     libucrt:initialization.obj
 0005:00000060       __guard_fids___acrt_initialize_ptd 0000000180017060     libucrt:per_thread_data.obj
 0005:00000064       __guard_fids__             0000000180017064     libucrt:locale_initializer.obj
 0005:00000068       __guard_fids__             0000000180017068     libucrt:multibyte_initializer.obj
 0005:0000006c       __guard_fids__             000000018001706c     libucrt:stdio_initializer.obj
 0005:00000070       __guard_fids__             0000000180017070     libucrt:stdio_initializer.obj
 0005:00000074       __guard_fids__             0000000180017074     libucrt:fma3_initializer.obj
 0005:00000078       __guard_fids__             0000000180017078     libucrt:console_output_initializer.obj
 0005:0000007c       __guard_fids_?dllmain_crt_process_attach@@YAHQEAUHINSTANCE__@@QEAX@Z 000000018001707c     LIBCMT:dll_dllmain.obj
 0005:00000084       __guard_fids_?dllmain_dispatch@@YAHQEAUHINSTANCE__@@KQEAX@Z 0000000180017084     LIBCMT:dll_dllmain.obj
 0005:00000088       __guard_fids__             0000000180017088     LIBCMT:guard_support.obj
 0005:0000008c       __guard_fids__             000000018001708c     libvcruntime:telemetry.obj
 0005:00000090       __guard_fids_?TraceLoggingRegister@__vcrt_trace_logging_provider@@YAJPEBU_TlgProvider_t@1@PEBU_GUID@@P6AX1KE_K2PEAU_EVENT_FILTER_DESCRIPTOR@@PEAX@Z4@Z 0000000180017090     libvcruntime:telemetry.obj
 0005:00000094       __guard_fids___vcrt_initialize_ptd 0000000180017094     libvcruntime:per_thread_data.obj
 0006:00000060       $R000000                   0000000180018060     * linker generated manifest res *

 Exports

  ordinal    name

        1    _register_addon_
